Component: ARM Compiler 5.06 update 6 (build 750) Tool: armlink [4d35ed]

==============================================================================

Section Cross References

    main.o(.text) refers to tasks.o(.text) for vTaskDelay
    main.o(.text) refers to led.o(.text) for LedToggle
    main.o(.text) refers to delay.o(.text) for delay_init
    main.o(.text) refers to main.o(.data) for xHandleTaskUserIF
    system_stm32f4xx.o(.text) refers to system_stm32f4xx.o(.data) for SystemCoreClock
    led.o(.text) refers to stm32f4xx_rcc.o(.text) for RCC_AHB1PeriphClockCmd
    led.o(.text) refers to stm32f4xx_gpio.o(.text) for GPIO_Init
    delay.o(.text) refers to misc.o(.text) for SysTick_CLKSourceConfig
    delay.o(.text) refers to delay.o(.data) for fac_us
    usart.o(.rev16_text) refers (Special) to use_no_semi_2.o(.text) for __use_no_semihosting
    usart.o(.revsh_text) refers (Special) to use_no_semi_2.o(.text) for __use_no_semihosting
    usart.o(.text) refers (Special) to use_no_semi_2.o(.text) for __use_no_semihosting
    usart.o(.text) refers to stm32f4xx_rcc.o(.text) for RCC_AHB1PeriphClockCmd
    usart.o(.text) refers to stm32f4xx_gpio.o(.text) for GPIO_PinAFConfig
    usart.o(.text) refers to stm32f4xx_usart.o(.text) for USART_Init
    usart.o(.text) refers to misc.o(.text) for NVIC_Init
    usart.o(.text) refers to usart.o(.data) for USART_RX_STA
    usart.o(.text) refers to usart.o(.bss) for USART_RX_BUF
    usart.o(.bss) refers (Special) to use_no_semi_2.o(.text) for __use_no_semihosting
    usart.o(.data) refers (Special) to use_no_semi_2.o(.text) for __use_no_semihosting
    startup_stm32f40_41xxx.o(STACK) refers (Special) to heapauxi.o(.text) for __use_two_region_memory
    startup_stm32f40_41xxx.o(HEAP) refers (Special) to heapauxi.o(.text) for __use_two_region_memory
    startup_stm32f40_41xxx.o(RESET) refers (Special) to heapauxi.o(.text) for __use_two_region_memory
    startup_stm32f40_41xxx.o(RESET) refers to startup_stm32f40_41xxx.o(STACK) for __initial_sp
    startup_stm32f40_41xxx.o(RESET) refers to startup_stm32f40_41xxx.o(.text) for Reset_Handler
    startup_stm32f40_41xxx.o(RESET) refers to stm32f4xx_it.o(.text) for NMI_Handler
    startup_stm32f40_41xxx.o(RESET) refers to port.o(.emb_text) for SVC_Handler
    startup_stm32f40_41xxx.o(RESET) refers to port.o(.text) for SysTick_Handler
    startup_stm32f40_41xxx.o(RESET) refers to usart.o(.text) for USART1_IRQHandler
    startup_stm32f40_41xxx.o(.text) refers (Special) to heapauxi.o(.text) for __use_two_region_memory
    startup_stm32f40_41xxx.o(.text) refers to system_stm32f4xx.o(.text) for SystemInit
    startup_stm32f40_41xxx.o(.text) refers to __main.o(!!!main) for __main
    startup_stm32f40_41xxx.o(.text) refers to startup_stm32f40_41xxx.o(HEAP) for Heap_Mem
    startup_stm32f40_41xxx.o(.text) refers to startup_stm32f40_41xxx.o(STACK) for Stack_Mem
    stm32f4xx_gpio.o(.text) refers to stm32f4xx_rcc.o(.text) for RCC_AHB1PeriphResetCmd
    stm32f4xx_rcc.o(.text) refers to stm32f4xx_rcc.o(.data) for APBAHBPrescTable
    stm32f4xx_syscfg.o(.text) refers to stm32f4xx_rcc.o(.text) for RCC_APB2PeriphResetCmd
    stm32f4xx_usart.o(.text) refers to stm32f4xx_rcc.o(.text) for RCC_APB2PeriphResetCmd
    event_groups.o(.text) refers to heap_4.o(.text) for pvPortMalloc
    event_groups.o(.text) refers to list.o(.text) for vListInitialise
    event_groups.o(.text) refers to tasks.o(.text) for vTaskSuspendAll
    event_groups.o(.text) refers to port.o(.text) for vPortEnterCritical
    queue.o(.text) refers to port.o(.text) for vPortEnterCritical
    queue.o(.text) refers to tasks.o(.text) for xTaskRemoveFromEventList
    queue.o(.text) refers to list.o(.text) for vListInitialise
    queue.o(.text) refers to heap_4.o(.text) for pvPortMalloc
    queue.o(.text) refers to rt_memcpy_v6.o(.text) for __aeabi_memcpy
    queue.o(.text) refers to queue.o(.bss) for xQueueRegistry
    tasks.o(.text) refers to list.o(.text) for vListInitialise
    tasks.o(.text) refers to port.o(.text) for vPortEnterCritical
    tasks.o(.text) refers to aeabi_memset.o(.text) for __aeabi_memset
    tasks.o(.text) refers to heap_4.o(.text) for pvPortMalloc
    tasks.o(.text) refers to tasks.o(.bss) for pxReadyTasksLists
    tasks.o(.text) refers to tasks.o(.data) for pxDelayedTaskList
    tasks.o(.text) refers to timers.o(.text) for xTimerCreateTimerTask
    timers.o(.text) refers to list.o(.text) for vListInsert
    timers.o(.text) refers to tasks.o(.text) for xTaskGetSchedulerState
    timers.o(.text) refers to queue.o(.text) for xQueueGenericSend
    timers.o(.text) refers to heap_4.o(.text) for vPortFree
    timers.o(.text) refers to port.o(.text) for vPortEnterCritical
    timers.o(.text) refers to timers.o(.data) for pxOverflowTimerList
    timers.o(.text) refers to timers.o(.bss) for xActiveTimerList1
    port.o(.emb_text) refers to tasks.o(.text) for vTaskSwitchContext
    port.o(.emb_text) refers to tasks.o(.data) for pxCurrentTCB
[...]
    rtexit.o(.ARM.Collect$$rtexit$$00000000) refers (Special) to rtexit2.o(.ARM.Collect$$rtexit$$00000003) for __rt_exit_ls
    rtexit.o(.ARM.Collect$$rtexit$$00000000) refers (Special) to rtexit2.o(.ARM.Collect$$rtexit$$00000002) for __rt_exit_prels_1
    rtexit.o(.ARM.exidx) refers (Special) to rtexit2.o(.ARM.Collect$$rtexit$$00000004) for __rt_exit_exit
    rtexit.o(.ARM.exidx) refers (Special) to rtexit2.o(.ARM.Collect$$rtexit$$00000003) for __rt_exit_ls
    rtexit.o(.ARM.exidx) refers (Special) to rtexit2.o(.ARM.Collect$$rtexit$$00000002) for __rt_exit_prels_1
    rtexit.o(.ARM.exidx) refers to rtexit.o(.ARM.Collect$$rtexit$$00000000) for .ARM.Collect$$rtexit$$00000000
    libinit2.o(.ARM.Collect$$libinit$$00000001) refers to fpinit.o(x$fpl$fpinit) for _fp_init
    libinit2.o(.ARM.Collect$$libinit$$00000010) refers to libinit2.o(.ARM.Collect$$libinit$$0000000F) for .ARM.Collect$$libinit$$0000000F
    libinit2.o(.ARM.Collect$$libinit$$00000012) refers to libinit2.o(.ARM.Collect$$libinit$$0000000F) for .ARM.Collect$$libinit$$0000000F
    libinit2.o(.ARM.Collect$$libinit$$00000014) refers to libinit2.o(.ARM.Collect$$libinit$$0000000F) for .ARM.Collect$$libinit$$0000000F
    libinit2.o(.ARM.Collect$$libinit$$00000016) refers to libinit2.o(.ARM.Collect$$libinit$$0000000F) for .ARM.Collect$$libinit$$0000000F
    libinit2.o(.ARM.Collect$$libinit$$00000018) refers to libinit2.o(.ARM.Collect$$libinit$$0000000F) for .ARM.Collect$$libinit$$0000000F
    libinit2.o(.ARM.Collect$$libinit$$00000026) refers to argv_veneer.o(.emb_text) for __ARM_argv_veneer
    libinit2.o(.ARM.Collect$$libinit$$00000027) refers to argv_veneer.o(.emb_text) for __ARM_argv_veneer
    rtexit2.o(.ARM.Collect$$rtexit$$00000003) refers to libshutdown.o(.ARM.Collect$$libshutdown$$00000000) for __rt_lib_shutdown
    rtexit2.o(.ARM.Collect$$rtexit$$00000004) refers to usart.o(.text) for _sys_exit
    rtexit2.o(.ARM.exidx) refers to rtexit2.o(.ARM.Collect$$rtexit$$00000001) for .ARM.Collect$$rtexit$$00000001
    rtexit2.o(.ARM.exidx) refers to rtexit2.o(.ARM.Collect$$rtexit$$00000003) for .ARM.Collect$$rtexit$$00000003
    rtexit2.o(.ARM.exidx) refers to rtexit2.o(.ARM.Collect$$rtexit$$00000004) for .ARM.Collect$$rtexit$$00000004
    argv_veneer.o(.emb_text) refers to no_argv.o(.text) for __ARM_get_argv
    _get_argv_nomalloc.o(.text) refers (Special) to hrguard.o(.text) for __heap_region$guard
    _get_argv_nomalloc.o(.text) refers to defsig_rtmem_outer.o(.text) for __rt_SIGRTMEM
    _get_argv_nomalloc.o(.text) refers to sys_command.o(.text) for _sys_command_string
    libshutdown.o(.ARM.Collect$$libshutdown$$00000000) refers (Special) to libshutdown2.o(.ARM.Collect$$libshutdown$$00000002) for __rt_lib_shutdown_cpp_1
    libshutdown.o(.ARM.Collect$$libshutdown$$00000000) refers (Special) to libshutdown2.o(.ARM.Collect$$libshutdown$$00000007) for __rt_lib_shutdown_fp_trap_1
    libshutdown.o(.ARM.Collect$$libshutdown$$00000000) refers (Special) to libshutdown2.o(.ARM.Collect$$libshutdown$$0000000F) for __rt_lib_shutdown_heap_1
    libshutdown.o(.ARM.Collect$$libshutdown$$00000000) refers (Special) to libshutdown2.o(.ARM.Collect$$libshutdown$$00000010) for __rt_lib_shutdown_return
    libshutdown.o(.ARM.Collect$$libshutdown$$00000000) refers (Special) to libshutdown2.o(.ARM.Collect$$libshutdown$$0000000A) for __rt_lib_shutdown_signal_1
    libshutdown.o(.ARM.Collect$$libshutdown$$00000000) refers (Special) to libshutdown2.o(.ARM.Collect$$libshutdown$$00000004) for __rt_lib_shutdown_stdio_1
    libshutdown.o(.ARM.Collect$$libshutdown$$00000000) refers (Special) to libshutdown2.o(.ARM.Collect$$libshutdown$$0000000C) for __rt_lib_shutdown_user_alloc_1
    sys_command.o(.text) refers (Special) to use_no_semi.o(.text) for __I$use$semihosting
    sys_command.o(.text) refers (Special) to indicate_semi.o(.text) for __semihosting_library_function
    defsig_rtmem_outer.o(.text) refers to defsig_rtmem_inner.o(.text) for __rt_SIGRTMEM_inner
    defsig_rtmem_outer.o(.text) refers to defsig_exit.o(.text) for __sig_exit
    defsig_rtmem_formal.o(.text) refers to rt_raise.o(.text) for __rt_raise
    rt_raise.o(.text) refers to __raise.o(.text) for __raise
    rt_raise.o(.text) refers to usart.o(.text) for _sys_exit
    defsig_exit.o(.text) refers to usart.o(.text) for _sys_exit
    defsig_rtmem_inner.o(.text) refers to defsig_general.o(.text) for __default_signal_display
    __raise.o(.text) refers to defsig.o(CL$$defsig) for __default_signal_handler
    defsig_general.o(.text) refers to sys_wrch.o(.text) for _ttywrch
    sys_wrch.o(.text) refers (Special) to use_no_semi.o(.text) for __I$use$semihosting
    sys_wrch.o(.text) refers (Special) to indicate_semi.o(.text) for __semihosting_library_function
    defsig.o(CL$$defsig) refers to defsig_rtmem_inner.o(.text) for __rt_SIGRTMEM_inner
    defsig_abrt_inner.o(.text) refers to defsig_general.o(.text) for __default_signal_display
    defsig_fpe_inner.o(.text) refers to defsig_general.o(.text) for __default_signal_display
    defsig_rtred_inner.o(.text) refers to defsig_general.o(.text) for __default_signal_display
    defsig_stak_inner.o(.text) refers to defsig_general.o(.text) for __default_signal_display
    defsig_pvfn_inner.o(.text) refers to defsig_general.o(.text) for __default_signal_display
    defsig_cppl_inner.o(.text) refers to defsig_general.o(.text) for __default_signal_display
    defsig_segv_inner.o(.text) refers to defsig_general.o(.text) for __default_signal_display
    defsig_other.o(.text) refers to defsig_general.o(.text) for __default_signal_display


==============================================================================

Removing Unused input sections from the image.

    Removing main.o(.rev16_text), (4 bytes).
    Removing main.o(.revsh_text), (4 bytes).
    Removing stm32f4xx_it.o(.rev16_text), (4 bytes).
    Removing stm32f4xx_it.o(.revsh_text), (4 bytes).
    Removing system_stm32f4xx.o(.rev16_text), (4 bytes).
    Removing system_stm32f4xx.o(.revsh_text), (4 bytes).
    Removing led.o(.rev16_text), (4 bytes).
    Removing led.o(.revsh_text), (4 bytes).
    Removing delay.o(.rev16_text), (4 bytes).
    Removing delay.o(.revsh_text), (4 bytes).
    Removing sys.o(.rev16_text), (4 bytes).
    Removing sys.o(.revsh_text), (4 bytes).
    Removing sys.o(.emb_text), (16 bytes).
    Removing usart.o(.rev16_text), (4 bytes).
    Removing usart.o(.revsh_text), (4 bytes).
    Removing misc.o(.rev16_text), (4 bytes).
    Removing misc.o(.revsh_text), (4 bytes).
    Removing stm32f4xx_gpio.o(.rev16_text), (4 bytes).
    Removing stm32f4xx_gpio.o(.revsh_text), (4 bytes).
    Removing stm32f4xx_rcc.o(.rev16_text), (4 bytes).
    Removing stm32f4xx_rcc.o(.revsh_text), (4 bytes).
    Removing stm32f4xx_syscfg.o(.rev16_text), (4 bytes).
    Removing stm32f4xx_syscfg.o(.revsh_text), (4 bytes).
    Removing stm32f4xx_syscfg.o(.text), (148 bytes).
    Removing stm32f4xx_usart.o(.rev16_text), (4 bytes).
    Removing stm32f4xx_usart.o(.revsh_text), (4 bytes).
    Removing event_groups.o(.text), (1140 bytes).

27 unused section(s) (total 1400 bytes) removed from the image.

==============================================================================

Image Symbol Table

    Local Symbols

    Symbol Name                              Value     Ov Type        Size  Object(Section)

    ../clib/angel/boardlib.s                 0x00000000   Number         0  boardinit3.o ABSOLUTE
    ../clib/angel/boardlib.s                 0x00000000   Number         0  boardshut.o ABSOLUTE
    ../clib/angel/boardlib.s                 0x00000000   Number         0  boardinit1.o ABSOLUTE
    ../clib/angel/boardlib.s                 0x00000000   Number         0  boardinit2.o ABSOLUTE
    ../clib/angel/handlers.s                 0x00000000   Number         0  __scatter_copy.o ABSOLUTE
    ../clib/angel/handlers.s                 0x00000000   Number         0  __scatter_zi.o ABSOLUTE
    ../clib/angel/kernel.s                   0x00000000   Number         0  rtexit.o ABSOLUTE
    ../clib/angel/kernel.s                   0x00000000   Number         0  __rtentry.o ABSOLUTE
    ../clib/angel/kernel.s                   0x00000000   Number         0  __rtentry2.o ABSOLUTE
    ../clib/angel/kernel.s                   0x00000000   Number         0  __rtentry4.o ABSOLUTE
    ../clib/angel/kernel.s                   0x00000000   Number         0  rtexit2.o ABSOLUTE
    ../clib/angel/rt.s                       0x00000000   Number         0  rt_raise.o ABSOLUTE
    ../clib/angel/scatter.s                  0x00000000   Number         0  __scatter.o ABSOLUTE
    ../clib/angel/startup.s                  0x00000000   Number         0  __main.o ABSOLUTE
    ../clib/angel/sys.s                      0x00000000   Number         0  indicate_semi.o ABSOLUTE
    ../clib/angel/sys.s                      0x00000000   Number         0  libspace.o ABSOLUTE
    ../clib/angel/sys.s                      0x00000000   Number         0  use_no_semi_2.o ABSOLUTE
    ../clib/angel/sys.s                      0x00000000   Number         0  use_no_semi.o ABSOLUTE
    ../clib/angel/sys.s                      0x00000000   Number         0  sys_stackheap_outer.o ABSOLUTE
    ../clib/angel/sysapp.c                   0x00000000   Number         0  sys_command.o ABSOLUTE
    ../clib/angel/sysapp.c                   0x00000000   Number         0  sys_wrch.o ABSOLUTE
    ../clib/armsys.c                         0x00000000   Number         0  argv_veneer.o ABSOLUTE
    ../clib/armsys.c                         0x00000000   Number         0  no_argv.o ABSOLUTE
    ../clib/armsys.c                         0x00000000   Number         0  argv_veneer.o ABSOLUTE
    ../clib/armsys.c                         0x00000000   Number         0  _get_argv_nomalloc.o ABSOLUTE
    ../clib/heapalloc.c                      0x00000000   Number         0  hrguard.o ABSOLUTE
    ../clib/heapaux.c                        0x00000000   Number         0  heapauxi.o ABSOLUTE
    ../clib/libinit.s                        0x00000000   Number         0  libinit.o ABSOLUTE
    ../clib/libinit.s                        0x00000000   Number         0  libinit2.o ABSOLUTE
    ../clib/libinit.s                        0x00000000   Number         0  libshutdown.o ABSOLUTE
    ../clib/libinit.s                        0x00000000   Number         0  libshutdown2.o ABSOLUTE
    ../clib/memcpset.s                       0x00000000   Number         0  aeabi_memset.o ABSOLUTE
    ../clib/memcpset.s                       0x00000000   Number         0  rt_memcpy_w.o ABSOLUTE
    ../clib/memcpset.s                       0x00000000   Number         0  rt_memclr.o ABSOLUTE
    ../clib/memcpset.s                       0x00000000   Number         0  rt_memclr_w.o ABSOLUTE
    ../clib/memcpset.s                       0x00000000   Number         0  rt_memcpy_v6.o ABSOLUTE
    ../clib/signal.c                         0x00000000   Number         0  defsig_rtmem_inner.o ABSOLUTE
    ../clib/signal.c                         0x00000000   Number         0  defsig_segv_inner.o ABSOLUTE
    ../clib/signal.c                         0x00000000   Number         0  defsig_pvfn_inner.o ABSOLUTE
    ../clib/signal.c                         0x00000000   Number         0  defsig_exit.o ABSOLUTE
    ../clib/signal.c                         0x00000000   Number         0  defsig_rtmem_formal.o ABSOLUTE
    ../clib/signal.c                         0x00000000   Number         0  defsig_other.o ABSOLUTE
    ../clib/signal.c                         0x00000000   Number         0  defsig_cppl_inner.o ABSOLUTE
    ../clib/signal.c                         0x00000000   Number         0  defsig_stak_inner.o ABSOLUTE
    ../clib/signal.c                         0x00000000   Number         0  defsig_rtred_inner.o ABSOLUTE
    ../clib/signal.c                         0x00000000   Number         0  defsig_fpe_inner.o ABSOLUTE
    ../clib/signal.c                         0x00000000   Number         0  defsig_abrt_inner.o ABSOLUTE
    ../clib/signal.c                         0x00000000   Number         0  defsig_rtmem_outer.o ABSOLUTE
    ../clib/signal.c                         0x00000000   Number         0  defsig_general.o ABSOLUTE
    ../clib/signal.c                         0x00000000   Number         0  __raise.o ABSOLUTE
    ../clib/signal.s                         0x00000000   Number         0  defsig.o ABSOLUTE
    ../clib/stdlib.c                         0x00000000   Number         0  exit.o ABSOLUTE
    ../fplib/fpinit.s                        0x00000000   Number         0  fpinit.o ABSOLUTE
    ..\CORE\startup_stm32f40_41xxx.s         0x00000000   Number         0  startup_stm32f40_41xxx.o ABSOLUTE
    ..\FWLIB\src\misc.c                      0x00000000   Number         0  misc.o ABSOLUTE
    ..\FWLIB\src\stm32f4xx_gpio.c            0x00000000   Number         0  stm32f4xx_gpio.o ABSOLUTE
    ..\FWLIB\src\stm32f4xx_rcc.c             0x00000000   Number         0  stm32f4xx_rcc.o ABSOLUTE
    ..\FWLIB\src\stm32f4xx_syscfg.c          0x00000000   Number         0  stm32f4xx_syscfg.o ABSOLUTE
    ..\FWLIB\src\stm32f4xx_usart.c           0x00000000   Number         0  stm32f4xx_usart.o ABSOLUTE
    ..\FreeRTOS\croutine.c                   0x00000000   Number         0  croutine.o ABSOLUTE
    ..\FreeRTOS\event_groups.c               0x00000000   Number         0  event_groups.o ABSOLUTE
    ..\FreeRTOS\list.c                       0x00000000   Number         0  list.o ABSOLUTE
    ..\FreeRTOS\portable\MemMang\heap_4.c    0x00000000   Number         0  heap_4.o ABSOLUTE
    ..\FreeRTOS\portable\RVDS\ARM_CM4F\port.c 0x00000000   Number         0  port.o ABSOLUTE
    ..\FreeRTOS\queue.c                      0x00000000   Number         0  queue.o ABSOLUTE
    ..\FreeRTOS\tasks.c                      0x00000000   Number         0  tasks.o ABSOLUTE
    ..\FreeRTOS\timers.c                     0x00000000   Number         0  timers.o ABSOLUTE
    ..\HARDWARE\LED\led.c                    0x00000000   Number         0  led.o ABSOLUTE
    ..\SYSTEM\delay\delay.c                  0x00000000   Number         0  delay.o ABSOLUTE
    ..\SYSTEM\sys\sys.c                      0x00000000   Number         0  sys.o ABSOLUTE
    ..\SYSTEM\usart\usart.c                  0x00000000   Number         0  usart.o ABSOLUTE
    ..\\FWLIB\\src\\misc.c                   0x00000000   Number         0  misc.o ABSOLUTE
    ..\\FWLIB\\src\\stm32f4xx_gpio.c         0x00000000   Number         0  stm32f4xx_gpio.o ABSOLUTE
    ..\\FWLIB\\src\\stm32f4xx_rcc.c          0x00000000   Number         0  stm32f4xx_rcc.o ABSOLUTE
    ..\\FWLIB\\src\\stm32f4xx_syscfg.c       0x00000000   Number         0  stm32f4xx_syscfg.o ABSOLUTE
    ..\\FWLIB\\src\\stm32f4xx_usart.c        0x00000000   Number         0  stm32f4xx_usart.o ABSOLUTE
    ..\\FreeRTOS\\portable\\RVDS\\ARM_CM4F\\port.c 0x00000000   Number         0  port.o ABSOLUTE
    ..\\HARDWARE\\LED\\led.c                 0x00000000   Number         0  led.o ABSOLUTE
    ..\\SYSTEM\\delay\\delay.c               0x00000000   Number         0  delay.o ABSOLUTE
    ..\\SYSTEM\\sys\\sys.c                   0x00000000   Number         0  sys.o ABSOLUTE
    ..\\SYSTEM\\usart\\usart.c               0x00000000   Number         0  usart.o ABSOLUTE
    dc.s                                     0x00000000   Number         0  dc.o ABSOLUTE
    main.c                                   0x00000000   Number         0  main.o ABSOLUTE
    main.c                                   0x00000000   Number         0  main.o ABSOLUTE
    stm32f4xx_it.c                           0x00000000   Number         0  stm32f4xx_it.o ABSOLUTE
    stm32f4xx_it.c                           0x00000000   Number         0  stm32f4xx_it.o ABSOLUTE
    system_stm32f4xx.c                       0x00000000   Number         0  system_stm32f4xx.o ABSOLUTE
    system_stm32f4xx.c                       0x00000000   Number         0  system_stm32f4xx.o ABSOLUTE
    RESET                                    0x08000000   Section      392  startup_stm32f40_41xxx.o(RESET)
    !!!main                                  0x08000188   Section        8  __main.o(!!!main)
    !!!scatter                               0x08000190   Section       52  __scatter.o(!!!scatter)
    !!handler_copy                           0x080001c4   Section       26  __scatter_copy.o(!!handler_copy)
    !!handler_zi                             0x080001e0   Section       28  __scatter_zi.o(!!handler_zi)
    .ARM.Collect$$libinit$$00000000          0x080001fc   Section        2  libinit.o(.ARM.Collect$$libinit$$00000000)
    .ARM.Collect$$libinit$$00000001          0x080001fe   Section        4  libinit2.o(.ARM.Collect$$libinit$$00000001)
    .ARM.Collect$$libinit$$00000004          0x08000202   Section        0  libinit2.o(.ARM.Collect$$libinit$$00000004)
    .ARM.Collect$$libinit$$0000000A          0x08000202   Section        0  libinit2.o(.ARM.Collect$$libinit$$0000000A)
    .ARM.Collect$$libinit$$0000000C          0x08000202   Section        0  libinit2.o(.ARM.Collect$$libinit$$0000000C)
    .ARM.Collect$$libinit$$0000000E          0x08000202   Section        0  libinit2.o(.ARM.Collect$$libinit$$0000000E)
    .ARM.Collect$$libinit$$00000011          0x08000202   Section        0  libinit2.o(.ARM.Collect$$libinit$$00000011)
    .ARM.Collect$$libinit$$00000013          0x08000202   Section        0  libinit2.o(.ARM.Collect$$libinit$$00000013)
    .ARM.Collect$$libinit$$00000015          0x08000202   Section        0  libinit2.o(.ARM.Collect$$libinit$$00000015)
    .ARM.Collect$$libinit$$00000017          0x08000202   Section        0  libinit2.o(.ARM.Collect$$libinit$$00000017)
    .ARM.Collect$$libinit$$00000019          0x08000202   Section        0  libinit2.o(.ARM.Collect$$libinit$$00000019)
    .ARM.Collect$$libinit$$0000001B          0x08000202   Section        0  libinit2.o(.ARM.Collect$$libinit$$0000001B)
    .ARM.Collect$$libinit$$0000001D          0x08000202   Section        0  libinit2.o(.ARM.Collect$$libinit$$0000001D)
    .ARM.Collect$$libinit$$0000001F          0x08000202   Section        0  libinit2.o(.ARM.Collect$$libinit$$0000001F)
    .ARM.Collect$$libinit$$00000021          0x08000202   Section        0  libinit2.o(.ARM.Collect$$libinit$$00000021)
    .ARM.Collect$$libinit$$00000023          0x08000202   Section        0  libinit2.o(.ARM.Collect$$libinit$$00000023)
    .ARM.Collect$$libinit$$00000025          0x08000202   Section        0  libinit2.o(.ARM.Collect$$libinit$$00000025)
    .ARM.Collect$$libinit$$0000002C          0x08000202   Section        0  libinit2.o(.ARM.Collect$$libinit$$0000002C)
    .ARM.Collect$$libinit$$0000002E          0x08000202   Section        0  libinit2.o(.ARM.Collect$$libinit$$0000002E)
    .ARM.Collect$$libinit$$00000030          0x08000202   Section        0  libinit2.o(.ARM.Collect$$libinit$$00000030)
    .ARM.Collect$$libinit$$00000032          0x08000202   Section        0  libinit2.o(.ARM.Collect$$libinit$$00000032)
    .ARM.Collect$$libinit$$00000033          0x08000202   Section        2  libinit2.o(.ARM.Collect$$libinit$$00000033)
    .ARM.Collect$$libshutdown$$00000000      0x08000204   Section        2  libshutdown.o(.ARM.Collect$$libshutdown$$00000000)
    .ARM.Collect$$libshutdown$$00000002      0x08000206   Section        0  libshutdown2.o(.ARM.Collect$$libshutdown$$00000002)
    .ARM.Collect$$libshutdown$$00000004      0x08000206   Section        0  libshutdown2.o(.ARM.Collect$$libshutdown$$00000004)
    .ARM.Collect$$libshutdown$$00000007      0x08000206   Section        0  libshutdown2.o(.ARM.Collect$$libshutdown$$00000007)
    .ARM.Collect$$libshutdown$$0000000A      0x08000206   Section        0  libshutdown2.o(.ARM.Collect$$libshutdown$$0000000A)
    .ARM.Collect$$libshutdown$$0000000C      0x08000206   Section        0  libshutdown2.o(.ARM.Collect$$libshutdown$$0000000C)
    .ARM.Collect$$libshutdown$$0000000F      0x08000206   Section        0  libshutdown2.o(.ARM.Collect$$libshutdown$$0000000F)
    .ARM.Collect$$libshutdown$$00000010      0x08000206   Section        2  libshutdown2.o(.ARM.Collect$$libshutdown$$00000010)
    .ARM.Collect$$rtentry$$00000000          0x08000208   Section        0  __rtentry.o(.ARM.Collect$$rtentry$$00000000)
    .ARM.Collect$$rtentry$$00000002          0x08000208   Section        0  __rtentry2.o(.ARM.Collect$$rtentry$$00000002)
    .ARM.Collect$$rtentry$$00000004          0x08000208   Section        6  __rtentry4.o(.ARM.Collect$$rtentry$$00000004)
    .ARM.Collect$$rtentry$$00000009          0x0800020e   Section        0  __rtentry2.o(.ARM.Collect$$rtentry$$00000009)
    .ARM.Collect$$rtentry$$0000000A          0x0800020e   Section        4  __rtentry2.o(.ARM.Collect$$rtentry$$0000000A)
    .ARM.Collect$$rtentry$$0000000C          0x08000212   Section        0  __rtentry2.o(.ARM.Collect$$rtentry$$0000000C)
    .ARM.Collect$$rtentry$$0000000D          0x08000212   Section        8  __rtentry2.o(.ARM.Collect$$rtentry$$0000000D)
    .ARM.Collect$$rtexit$$00000000           0x0800021a   Section        2  rtexit.o(.ARM.Collect$$rtexit$$00000000)
    .ARM.Collect$$rtexit$$00000002           0x0800021c   Section        0  rtexit2.o(.ARM.Collect$$rtexit$$00000002)
    .ARM.Collect$$rtexit$$00000003           0x0800021c   Section        4  rtexit2.o(.ARM.Collect$$rtexit$$00000003)
    .ARM.Collect$$rtexit$$00000004           0x08000220   Section        6  rtexit2.o(.ARM.Collect$$rtexit$$00000004)
    .emb_text                                0x08000228   Section      190  port.o(.emb_text)
    $v0                                      0x08000228   Number         0  port.o(.emb_text)
    .text                                    0x080002e8   Section        0  main.o(.text)
    vTaskStart                               0x080002e9   Thumb Code    12  main.o(.text)
    vTaskMsgPro                              0x080002f5   Thumb Code    12  main.o(.text)
    vTaskLED                                 0x08000301   Thumb Code    12  main.o(.text)
    vTaskTaskUserIF                          0x0800030d   Thumb Code    32  main.o(.text)
    AppTaskCreate                            0x0800032d   Thumb Code    86  main.o(.text)
    .text                                    0x080003f0   Section        0  stm32f4xx_it.o(.text)
    .text                                    0x08000404   Section        0  system_stm32f4xx.o(.text)
    SetSysClock                              0x08000405   Thumb Code   220  system_stm32f4xx.o(.text)
    .text                                    0x08000614   Section        0  led.o(.text)
    .text                                    0x08000680   Section        0  delay.o(.text)
    .text                                    0x08000784   Section        0  usart.o(.text)
    .text                                    0x080008d4   Section       64  startup_stm32f40_41xxx.o(.text)
    $v0                                      0x080008d4   Number         0  startup_stm32f40_41xxx.o(.text)
    .text                                    0x08000914   Section        0  misc.o(.text)
    .text                                    0x080009f4   Section        0  stm32f4xx_gpio.o(.text)
    .text                                    0x08000c88   Section        0  stm32f4xx_rcc.o(.text)
    .text                                    0x080012e4   Section        0  stm32f4xx_usart.o(.text)
    .text                                    0x08001738   Section        0  list.o(.text)
    .text                                    0x080017cc   Section        0  queue.o(.text)
    prvInitialiseNewQueue                    0x0800185f   Thumb Code    42  queue.o(.text)
    prvUnlockQueue                           0x0800192b   Thumb Code   126  queue.o(.text)
    prvIsQueueFull                           0x080019a9   Thumb Code    30  queue.o(.text)
    prvCopyDataToQueue                       0x080019c7   Thumb Code   126  queue.o(.text)
    prvInitialiseMutex                       0x08001be9   Thumb Code    30  queue.o(.text)
    prvGetDisinheritPriorityAfterTimeout     0x08001c75   Thumb Code    20  queue.o(.text)
    prvIsQueueEmpty                          0x08001c89   Thumb Code    26  queue.o(.text)
    prvCopyDataFromQueue                     0x08002129   Thumb Code    42  queue.o(.text)
    .text                                    0x0800279c   Section        0  tasks.o(.text)
    prvInitialiseTaskLists                   0x0800279d   Thumb Code    70  tasks.o(.text)
    prvAddNewTaskToReadyList                 0x080027e3   Thumb Code   156  tasks.o(.text)
    prvInitialiseNewTask                     0x0800287f   Thumb Code   190  tasks.o(.text)
    prvResetNextTaskUnblockTime              0x0800299d   Thumb Code    40  tasks.o(.text)
    prvDeleteTCB                             0x080029c5   Thumb Code    18  tasks.o(.text)
    prvAddCurrentTaskToDelayedList           0x08002ce7   Thumb Code   124  tasks.o(.text)
    prvTaskIsTaskSuspended                   0x0800320b   Thumb Code    80  tasks.o(.text)
    prvCheckTasksWaitingTermination          0x0800337f   Thumb Code    60  tasks.o(.text)
    prvIdleTask                              0x080033bb   Thumb Code    32  tasks.o(.text)
    prvTaskCheckFreeStackSpace               0x080034ff   Thumb Code    22  tasks.o(.text)
    prvListTasksWithinSingleList             0x08003593   Thumb Code   106  tasks.o(.text)
    .text                                    0x080042c8   Section        0  timers.o(.text)
    prvInsertTimerInActiveList               0x080042c9   Thumb Code    80  timers.o(.text)
    prvSwitchTimerLists                      0x08004397   Thumb Code   154  timers.o(.text)
    prvSampleTimeNow                         0x08004431   Thumb Code    40  timers.o(.text)
    prvProcessReceivedCommands               0x08004459   Thumb Code   308  timers.o(.text)
    prvProcessExpiredTimer                   0x0800458d   Thumb Code   110  timers.o(.text)
    prvProcessTimerOrBlockTask               0x080045fb   Thumb Code   102  timers.o(.text)
    prvGetNextExpireTime                     0x08004661   Thumb Code    36  timers.o(.text)
    prvTimerTask                             0x08004685   Thumb Code    26  timers.o(.text)
    prvCheckForValidListAndQueue             0x0800469f   Thumb Code   110  timers.o(.text)
    prvInitialiseNewTimer                    0x0800474f   Thumb Code    90  timers.o(.text)
    .text                                    0x0800499c   Section        0  port.o(.text)
    prvTaskExitError                         0x0800499d   Thumb Code    60  port.o(.text)
    .text                                    0x08004cdc   Section        0  heap_4.o(.text)
    prvInsertBlockIntoFreeList               0x08004cdd   Thumb Code    96  heap_4.o(.text)
    prvHeapInit                              0x08004d3d   Thumb Code    98  heap_4.o(.text)
    .text                                    0x0800501c   Section        2  use_no_semi_2.o(.text)
    .text                                    0x0800501e   Section      138  rt_memcpy_v6.o(.text)
    .text                                    0x080050a8   Section       16  aeabi_memset.o(.text)
    .text                                    0x080050b8   Section        0  heapauxi.o(.text)
    .text                                    0x080050be   Section        2  use_no_semi.o(.text)
    .text                                    0x080050c0   Section      100  rt_memcpy_w.o(.text)
    .text                                    0x08005124   Section       68  rt_memclr.o(.text)
    .text                                    0x08005168   Section       78  rt_memclr_w.o(.text)
    .text                                    0x080051b6   Section       74  sys_stackheap_outer.o(.text)
    .text                                    0x08005200   Section        0  exit.o(.text)
    .text                                    0x08005214   Section        8  libspace.o(.text)
    x$fpl$fpinit                             0x0800521c   Section       10  fpinit.o(x$fpl$fpinit)
    $v0                                      0x0800521c   Number         0  fpinit.o(x$fpl$fpinit)
    .data                                    0x20000000   Section       16  main.o(.data)
    xHandleTaskUserIF                        0x20000000   Data           4  main.o(.data)
    xHandleTaskLED                           0x20000004   Data           4  main.o(.data)
    xHandleTaskMsgPro                        0x20000008   Data           4  main.o(.data)
    xHandleTaskStart                         0x2000000c   Data           4  main.o(.data)
    .data                                    0x20000010   Section       20  system_stm32f4xx.o(.data)
    .data                                    0x20000024   Section        4  delay.o(.data)
    fac_us                                   0x20000024   Data           1  delay.o(.data)
    fac_ms                                   0x20000026   Data           2  delay.o(.data)
    .data                                    0x20000028   Section        6  usart.o(.data)
    .data                                    0x2000002e   Section       16  stm32f4xx_rcc.o(.data)
    APBAHBPrescTable                         0x2000002e   Data          16  stm32f4xx_rcc.o(.data)
    .data                                    0x20000040   Section       64  tasks.o(.data)
    pxDelayedTaskList                        0x20000044   Data           4  tasks.o(.data)
    pxOverflowDelayedTaskList                0x20000048   Data           4  tasks.o(.data)
    uxDeletedTasksWaitingCleanUp             0x2000004c   Data           4  tasks.o(.data)
    uxCurrentNumberOfTasks                   0x20000050   Data           4  tasks.o(.data)
    xTickCount                               0x20000054   Data           4  tasks.o(.data)
    uxTopReadyPriority                       0x20000058   Data           4  tasks.o(.data)
    xSchedulerRunning                        0x2000005c   Data           4  tasks.o(.data)
    xPendedTicks                             0x20000060   Data           4  tasks.o(.data)
    xYieldPending                            0x20000064   Data           4  tasks.o(.data)
    xNumOfOverflows                          0x20000068   Data           4  tasks.o(.data)
    uxTaskNumber                             0x2000006c   Data           4  tasks.o(.data)
    xNextTaskUnblockTime                     0x20000070   Data           4  tasks.o(.data)
    xIdleTaskHandle                          0x20000074   Data           4  tasks.o(.data)
    uxSchedulerSuspended                     0x2000007c   Data           4  tasks.o(.data)
    .data                                    0x20000080   Section       20  timers.o(.data)
    pxCurrentTimerList                       0x20000080   Data           4  timers.o(.data)
    pxOverflowTimerList                      0x20000084   Data           4  timers.o(.data)
    xTimerQueue                              0x20000088   Data           4  timers.o(.data)
    xTimerTaskHandle                         0x2000008c   Data           4  timers.o(.data)
    xLastTime                                0x20000090   Data           4  timers.o(.data)
    .data                                    0x20000094   Section       12  port.o(.data)
    uxCriticalNesting                        0x20000094   Data           4  port.o(.data)
    ucMaxSysCallPriority                     0x20000098   Data           1  port.o(.data)
    ulMaxPRIGROUPValue                       0x2000009c   Data           4  port.o(.data)
    .data                                    0x200000a0   Section       32  heap_4.o(.data)
    xStart                                   0x200000a0   Data           8  heap_4.o(.data)
    pxEnd                                    0x200000a8   Data           4  heap_4.o(.data)
    xFreeBytesRemaining                      0x200000ac   Data           4  heap_4.o(.data)
    xMinimumEverFreeBytesRemaining           0x200000b0   Data           4  heap_4.o(.data)
    xNumberOfSuccessfulAllocations           0x200000b4   Data           4  heap_4.o(.data)
    xNumberOfSuccessfulFrees                 0x200000b8   Data           4  heap_4.o(.data)
    xBlockAllocatedBit                       0x200000bc   Data           4  heap_4.o(.data)
    .bss                                     0x200000c0   Section      200  usart.o(.bss)
    .bss                                     0x20000188   Section       64  queue.o(.bss)
    .bss                                     0x200001c8   Section      200  tasks.o(.bss)
    pxReadyTasksLists                        0x200001c8   Data         100  tasks.o(.bss)
    xDelayedTaskList1                        0x2000022c   Data          20  tasks.o(.bss)
    xDelayedTaskList2                        0x20000240   Data          20  tasks.o(.bss)
    xPendingReadyList                        0x20000254   Data          20  tasks.o(.bss)
    xTasksWaitingTermination                 0x20000268   Data          20  tasks.o(.bss)
    xSuspendedTaskList                       0x2000027c   Data          20  tasks.o(.bss)
    .bss                                     0x20000290   Section       40  timers.o(.bss)
    xActiveTimerList1                        0x20000290   Data          20  timers.o(.bss)
    xActiveTimerList2                        0x200002a4   Data          20  timers.o(.bss)
    .bss                                     0x200002b8   Section    76800  heap_4.o(.bss)
    ucHeap                                   0x200002b8   Data       76800  heap_4.o(.bss)
    .bss                                     0x20012eb8   Section       96  libspace.o(.bss)
    HEAP                                     0x20012f18   Section      512  startup_stm32f40_41xxx.o(HEAP)
    Heap_Mem                                 0x20012f18   Data         512  startup_stm32f40_41xxx.o(HEAP)
    STACK                                    0x20013118   Section     1024  startup_stm32f40_41xxx.o(STACK)
    Stack_Mem                                0x20013118   Data        1024  startup_stm32f40_41xxx.o(STACK)
    __initial_sp                             0x20013518   Data           0  startup_stm32f40_41xxx.o(STACK)

    Global Symbols

    Symbol Name                              Value     Ov Type        Size  Object(Section)

    BuildAttributes$$THM_ISAv4$E$P$D$K$B$S$7EM$VFPi3$EXTD16$VFPS$VFMA$PE$A:L22UL41UL21$X:L11$S22US41US21$IEEE1$IW$USESV6$~STKCKD$USESV7$~SHL$OSPACE$ROPI$EBA8$UX$STANDARDLIB$REQ8$PRES8$EABIv2 0x00000000   Number         0  anon$$obj.o ABSOLUTE
    __ARM_use_no_argv                        0x00000000   Number         0  main.o ABSOLUTE
    __ARM_exceptions_init                     - Undefined Weak Reference
    __alloca_initialize                       - Undefined Weak Reference
    __arm_preinit_                            - Undefined Weak Reference
    __cpp_initialize__aeabi_                  - Undefined Weak Reference
    __cxa_finalize                            - Undefined Weak Reference
    __rt_locale                               - Undefined Weak Reference
    __sigvec_lookup                           - Undefined Weak Reference
    _atexit_init                              - Undefined Weak Reference
    _call_atexit_fns                          - Undefined Weak Reference
    _clock_init                               - Undefined Weak Reference
    _fp_trap_init                             - Undefined Weak Reference
    _fp_trap_shutdown                         - Undefined Weak Reference
    _get_lc_collate                           - Undefined Weak Reference
    _get_lc_ctype                             - Undefined Weak Reference
    _get_lc_monetary                          - Undefined Weak Reference
    _get_lc_numeric                           - Undefined Weak Reference
    _get_lc_time                              - Undefined Weak Reference
    _getenv_init                              - Undefined Weak Reference
    _handle_redirection                       - Undefined Weak Reference
    _init_alloc                               - Undefined Weak Reference
    _init_user_alloc                          - Undefined Weak Reference
    _initio                                   - Undefined Weak Reference
    _rand_init                                - Undefined Weak Reference
    _signal_finish                            - Undefined Weak Reference
    _signal_init                              - Undefined Weak Reference
    _terminate_alloc                          - Undefined Weak Reference
    _terminate_user_alloc                     - Undefined Weak Reference
    _terminateio                              - Undefined Weak Reference
    __Vectors_Size                           0x00000188   Number         0  startup_stm32f40_41xxx.o ABSOLUTE
    __Vectors                                0x08000000   Data           4  startup_stm32f40_41xxx.o(RESET)
    __Vectors_End                            0x08000188   Data           0  startup_stm32f40_41xxx.o(RESET)
    __main                                   0x08000189   Thumb Code     8  __main.o(!!!main)
    __scatterload                            0x08000191   Thumb Code     0  __scatter.o(!!!scatter)
    __scatterload_rt2                        0x08000191   Thumb Code    44  __scatter.o(!!!scatter)
    __scatterload_rt2_thumb_only             0x08000191   Thumb Code     0  __scatter.o(!!!scatter)
    __scatterload_null                       0x0800019f   Thumb Code     0  __scatter.o(!!!scatter)
    __scatterload_copy                       0x080001c5   Thumb Code    26  __scatter_copy.o(!!handler_copy)
    __scatterload_zeroinit                   0x080001e1   Thumb Code    28  __scatter_zi.o(!!handler_zi)
    __rt_lib_init                            0x080001fd   Thumb Code     0  libinit.o(.ARM.Collect$$libinit$$00000000)
    __rt_lib_init_fp_1                       0x080001ff   Thumb Code     0  libinit2.o(.ARM.Collect$$libinit$$00000001)
    __rt_lib_init_alloca_1                   0x08000203   Thumb Code     0  libinit2.o(.ARM.Collect$$libinit$$0000002E)
    __rt_lib_init_argv_1                     0x08000203   Thumb Code     0  libinit2.o(.ARM.Collect$$libinit$$0000002C)
    __rt_lib_init_atexit_1                   0x08000203   Thumb Code     0  libinit2.o(.ARM.Collect$$libinit$$0000001B)
    __rt_lib_init_clock_1                    0x08000203   Thumb Code     0  libinit2.o(.ARM.Collect$$libinit$$00000021)
    __rt_lib_init_cpp_1                      0x08000203   Thumb Code     0  libinit2.o(.ARM.Collect$$libinit$$00000032)
    __rt_lib_init_exceptions_1               0x08000203   Thumb Code     0  libinit2.o(.ARM.Collect$$libinit$$00000030)
    __rt_lib_init_fp_trap_1                  0x08000203   Thumb Code     0  libinit2.o(.ARM.Collect$$libinit$$0000001F)
    __rt_lib_init_getenv_1                   0x08000203   Thumb Code     0  libinit2.o(.ARM.Collect$$libinit$$00000023)
    __rt_lib_init_heap_1                     0x08000203   Thumb Code     0  libinit2.o(.ARM.Collect$$libinit$$0000000A)
    __rt_lib_init_lc_collate_1               0x08000203   Thumb Code     0  libinit2.o(.ARM.Collect$$libinit$$00000011)
    __rt_lib_init_lc_ctype_1                 0x08000203   Thumb Code     0  libinit2.o(.ARM.Collect$$libinit$$00000013)
    __rt_lib_init_lc_monetary_1              0x08000203   Thumb Code     0  libinit2.o(.ARM.Collect$$libinit$$00000015)
    __rt_lib_init_lc_numeric_1               0x08000203   Thumb Code     0  libinit2.o(.ARM.Collect$$libinit$$00000017)
    __rt_lib_init_lc_time_1                  0x08000203   Thumb Code     0  libinit2.o(.ARM.Collect$$libinit$$00000019)
    __rt_lib_init_preinit_1                  0x08000203   Thumb Code     0  libinit2.o(.ARM.Collect$$libinit$$00000004)
    __rt_lib_init_rand_1                     0x08000203   Thumb Code     0  libinit2.o(.ARM.Collect$$libinit$$0000000E)
    __rt_lib_init_return                     0x08000203   Thumb Code     0  libinit2.o(.ARM.Collect$$libinit$$00000033)
    __rt_lib_init_signal_1                   0x08000203   Thumb Code     0  libinit2.o(.ARM.Collect$$libinit$$0000001D)
    __rt_lib_init_stdio_1                    0x08000203   Thumb Code     0  libinit2.o(.ARM.Collect$$libinit$$00000025)
    __rt_lib_init_user_alloc_1               0x08000203   Thumb Code     0  libinit2.o(.ARM.Collect$$libinit$$0000000C)
    __rt_lib_shutdown                        0x08000205   Thumb Code     0  libshutdown.o(.ARM.Collect$$libshutdown$$00000000)
    __rt_lib_shutdown_cpp_1                  0x08000207   Thumb Code     0  libshutdown2.o(.ARM.Collect$$libshutdown$$00000002)
    __rt_lib_shutdown_fp_trap_1              0x08000207   Thumb Code     0  libshutdown2.o(.ARM.Collect$$libshutdown$$00000007)
    __rt_lib_shutdown_heap_1                 0x08000207   Thumb Code     0  libshutdown2.o(.ARM.Collect$$libshutdown$$0000000F)
    __rt_lib_shutdown_return                 0x08000207   Thumb Code     0  libshutdown2.o(.ARM.Collect$$libshutdown$$00000010)
    __rt_lib_shutdown_signal_1               0x08000207   Thumb Code     0  libshutdown2.o(.ARM.Collect$$libshutdown$$0000000A)
    __rt_lib_shutdown_stdio_1                0x08000207   Thumb Code     0  libshutdown2.o(.ARM.Collect$$libshutdown$$00000004)
    __rt_lib_shutdown_user_alloc_1           0x08000207   Thumb Code     0  libshutdown2.o(.ARM.Collect$$libshutdown$$0000000C)
    __rt_entry                               0x08000209   Thumb Code     0  __rtentry.o(.ARM.Collect$$rtentry$$00000000)
    __rt_entry_presh_1                       0x08000209   Thumb Code     0  __rtentry2.o(.ARM.Collect$$rtentry$$00000002)
    __rt_entry_sh                            0x08000209   Thumb Code     0  __rtentry4.o(.ARM.Collect$$rtentry$$00000004)
    __rt_entry_li                            0x0800020f   Thumb Code     0  __rtentry2.o(.ARM.Collect$$rtentry$$0000000A)
    __rt_entry_postsh_1                      0x0800020f   Thumb Code     0  __rtentry2.o(.ARM.Collect$$rtentry$$00000009)
    __rt_entry_main                          0x08000213   Thumb Code     0  __rtentry2.o(.ARM.Collect$$rtentry$$0000000D)
    __rt_entry_postli_1                      0x08000213   Thumb Code     0  __rtentry2.o(.ARM.Collect$$rtentry$$0000000C)
    __rt_exit                                0x0800021b   Thumb Code     0  rtexit.o(.ARM.Collect$$rtexit$$00000000)
    __rt_exit_ls                             0x0800021d   Thumb Code     0  rtexit2.o(.ARM.Collect$$rtexit$$00000003)
    __rt_exit_prels_1                        0x0800021d   Thumb Code     0  rtexit2.o(.ARM.Collect$$rtexit$$00000002)
    __rt_exit_exit                           0x08000221   Thumb Code     0  rtexit2.o(.ARM.Collect$$rtexit$$00000004)
    SVC_Handler                              0x08000229   Thumb Code    28  port.o(.emb_text)
    __asm___6_port_c_39a90d8d__prvStartFirstTask 0x08000249   Thumb Code    36  port.o(.emb_text)
    __asm___6_port_c_39a90d8d__prvEnableVFP  0x08000271   Thumb Code    16  port.o(.emb_text)
    PendSV_Handler                           0x08000285   Thumb Code    88  port.o(.emb_text)
    vPortGetIPSR                             0x080002e1   Thumb Code     6  port.o(.emb_text)
    main                                     0x08000383   Thumb Code    30  main.o(.text)
    NMI_Handler                              0x080003f1   Thumb Code     2  stm32f4xx_it.o(.text)
    HardFault_Handler                        0x080003f3   Thumb Code     4  stm32f4xx_it.o(.text)
    MemManage_Handler                        0x080003f7   Thumb Code     4  stm32f4xx_it.o(.text)
    BusFault_Handler                         0x080003fb   Thumb Code     4  stm32f4xx_it.o(.text)
    UsageFault_Handler                       0x080003ff   Thumb Code     4  stm32f4xx_it.o(.text)
    DebugMon_Handler                         0x08000403   Thumb Code     2  stm32f4xx_it.o(.text)
    SystemInit                               0x080004e1   Thumb Code    88  system_stm32f4xx.o(.text)
    SystemCoreClockUpdate                    0x08000539   Thumb Code   174  system_stm32f4xx.o(.text)
    LED_Init                                 0x08000615   Thumb Code    56  led.o(.text)
    LedToggle                                0x0800064d   Thumb Code    48  led.o(.text)
    delay_init                               0x08000681   Thumb Code    52  delay.o(.text)
    delay_us                                 0x080006b5   Thumb Code    72  delay.o(.text)
    delay_xms                                0x080006fd   Thumb Code    72  delay.o(.text)
    delay_ms                                 0x08000745   Thumb Code    56  delay.o(.text)
    _sys_exit                                0x08000785   Thumb Code     4  usart.o(.text)
    fputc                                    0x08000789   Thumb Code    22  usart.o(.text)
    uart_init                                0x0800079f   Thumb Code   172  usart.o(.text)
    USART1_IRQHandler                        0x0800084b   Thumb Code   122  usart.o(.text)
    Reset_Handler                            0x080008d5   Thumb Code     8  startup_stm32f40_41xxx.o(.text)
    ADC_IRQHandler                           0x080008ef   Thumb Code     0  startup_stm32f40_41xxx.o(.text)
    CAN1_RX0_IRQHandler                      0x080008ef   Thumb Code     0  startup_stm32f40_41xxx.o(.text)
    CAN1_RX1_IRQHandler                      0x080008ef   Thumb Code     0  startup_stm32f40_41xxx.o(.text)
    CAN1_SCE_IRQHandler                      0x080008ef   Thumb Code     0  startup_stm32f40_41xxx.o(.text)
    CAN1_TX_IRQHandler                       0x080008ef   Thumb Code     0  startup_stm32f40_41xxx.o(.text)
    CAN2_RX0_IRQHandler                      0x080008ef   Thumb Code     0  startup_stm32f40_41xxx.o(.text)
    CAN2_RX1_IRQHandler                      0x080008ef   Thumb Code     0  startup_stm32f40_41xxx.o(.text)
    CAN2_SCE_IRQHandler                      0x080008ef   Thumb Code     0  startup_stm32f40_41xxx.o(.text)
    CAN2_TX_IRQHandler                       0x080008ef   Thumb Code     0  startup_stm32f40_41xxx.o(.text)
    CRYP_IRQHandler                          0x080008ef   Thumb Code     0  startup_stm32f40_41xxx.o(.text)
    DCMI_IRQHandler                          0x080008ef   Thumb Code     0  startup_stm32f40_41xxx.o(.text)
    DMA1_Stream0_IRQHandler                  0x080008ef   Thumb Code     0  startup_stm32f40_41xxx.o(.text)
    DMA1_Stream1_IRQHandler                  0x080008ef   Thumb Code     0  startup_stm32f40_41xxx.o(.text)
    DMA1_Stream2_IRQHandler                  0x080008ef   Thumb Code     0  startup_stm32f40_41xxx.o(.text)
    DMA1_Stream3_IRQHandler                  0x080008ef   Thumb Code     0  startup_stm32f40_41xxx.o(.text)
    DMA1_Stream4_IRQHandler                  0x080008ef   Thumb Code     0  startup_stm32f40_41xxx.o(.text)
    DMA1_Stream5_IRQHandler                  0x080008ef   Thumb Code     0  startup_stm32f40_41xxx.o(.text)
    DMA1_Stream6_IRQHandler                  0x080008ef   Thumb Code     0  startup_stm32f40_41xxx.o(.text)
    DMA1_Stream7_IRQHandler                  0x080008ef   Thumb Code     0  startup_stm32f40_41xxx.o(.text)
    DMA2_Stream0_IRQHandler                  0x080008ef   Thumb Code     0  startup_stm32f40_41xxx.o(.text)
    DMA2_Stream1_IRQHandler                  0x080008ef   Thumb Code     0  startup_stm32f40_41xxx.o(.text)
    DMA2_Stream2_IRQHandler                  0x080008ef   Thumb Code     0  startup_stm32f40_41xxx.o(.text)
    DMA2_Stream3_IRQHandler                  0x080008ef   Thumb Code     0  startup_stm32f40_41xxx.o(.text)
    DMA2_Stream4_IRQHandler                  0x080008ef   Thumb Code     0  startup_stm32f40_41xxx.o(.text)
    DMA2_Stream5_IRQHandler                  0x080008ef   Thumb Code     0  startup_stm32f40_41xxx.o(.text)
    DMA2_Stream6_IRQHandler                  0x080008ef   Thumb Code     0  startup_stm32f40_41xxx.o(.text)
    DMA2_Stream7_IRQHandler                  0x080008ef   Thumb Code     0  startup_stm32f40_41xxx.o(.text)
    ETH_IRQHandler                           0x080008ef   Thumb Code     0  startup_stm32f40_41xxx.o(.text)
    ETH_WKUP_IRQHandler                      0x080008ef   Thumb Code     0  startup_stm32f40_41xxx.o(.text)
    EXTI0_IRQHandler                         0x080008ef   Thumb Code     0  startup_stm32f40_41xxx.o(.text)
    EXTI15_10_IRQHandler                     0x080008ef   Thumb Code     0  startup_stm32f40_41xxx.o(.text)
    EXTI1_IRQHandler                         0x080008ef   Thumb Code     0  startup_stm32f40_41xxx.o(.text)
    EXTI2_IRQHandler                         0x080008ef   Thumb Code     0  startup_stm32f40_41xxx.o(.text)
    EXTI3_IRQHandler                         0x080008ef   Thumb Code     0  startup_stm32f40_41xxx.o(.text)
    EXTI4_IRQHandler                         0x080008ef   Thumb Code     0  startup_stm32f40_41xxx.o(.text)
    EXTI9_5_IRQHandler                       0x080008ef   Thumb Code     0  startup_stm32f40_41xxx.o(.text)
    FLASH_IRQHandler                         0x080008ef   Thumb Code     0  startup_stm32f40_41xxx.o(.text)
    FPU_IRQHandler                           0x080008ef   Thumb Code     0  startup_stm32f40_41xxx.o(.text)
    FSMC_IRQHandler                          0x080008ef   Thumb Code     0  startup_stm32f40_41xxx.o(.text)
    HASH_RNG_IRQHandler                      0x080008ef   Thumb Code     0  startup_stm32f40_41xxx.o(.text)
    I2C1_ER_IRQHandler                       0x080008ef   Thumb Code     0  startup_stm32f40_41xxx.o(.text)
    I2C1_EV_IRQHandler                       0x080008ef   Thumb Code     0  startup_stm32f40_41xxx.o(.text)
    I2C2_ER_IRQHandler                       0x080008ef   Thumb Code     0  startup_stm32f40_41xxx.o(.text)
    I2C2_EV_IRQHandler                       0x080008ef   Thumb Code     0  startup_stm32f40_41xxx.o(.text)
    I2C3_ER_IRQHandler                       0x080008ef   Thumb Code     0  startup_stm32f40_41xxx.o(.text)
    I2C3_EV_IRQHandler                       0x080008ef   Thumb Code     0  startup_stm32f40_41xxx.o(.text)
    OTG_FS_IRQHandler                        0x080008ef   Thumb Code     0  startup_stm32f40_41xxx.o(.text)
    OTG_FS_WKUP_IRQHandler                   0x080008ef   Thumb Code     0  startup_stm32f40_41xxx.o(.text)
    OTG_HS_EP1_IN_IRQHandler                 0x080008ef   Thumb Code     0  startup_stm32f40_41xxx.o(.text)
    OTG_HS_EP1_OUT_IRQHandler                0x080008ef   Thumb Code     0  startup_stm32f40_41xxx.o(.text)
    OTG_HS_IRQHandler                        0x080008ef   Thumb Code     0  startup_stm32f40_41xxx.o(.text)
    OTG_HS_WKUP_IRQHandler                   0x080008ef   Thumb Code     0  startup_stm32f40_41xxx.o(.text)
    PVD_IRQHandler                           0x080008ef   Thumb Code     0  startup_stm32f40_41xxx.o(.text)
    RCC_IRQHandler                           0x080008ef   Thumb Code     0  startup_stm32f40_41xxx.o(.text)
    RTC_Alarm_IRQHandler                     0x080008ef   Thumb Code     0  startup_stm32f40_41xxx.o(.text)
    RTC_WKUP_IRQHandler                      0x080008ef   Thumb Code     0  startup_stm32f40_41xxx.o(.text)
    SDIO_IRQHandler                          0x080008ef   Thumb Code     0  startup_stm32f40_41xxx.o(.text)
    SPI1_IRQHandler                          0x080008ef   Thumb Code     0  startup_stm32f40_41xxx.o(.text)
    SPI2_IRQHandler                          0x080008ef   Thumb Code     0  startup_stm32f40_41xxx.o(.text)
    SPI3_IRQHandler                          0x080008ef   Thumb Code     0  startup_stm32f40_41xxx.o(.text)
    TAMP_STAMP_IRQHandler                    0x080008ef   Thumb Code     0  startup_stm32f40_41xxx.o(.text)
    TIM1_BRK_TIM9_IRQHandler                 0x080008ef   Thumb Code     0  startup_stm32f40_41xxx.o(.text)
    TIM1_CC_IRQHandler                       0x080008ef   Thumb Code     0  startup_stm32f40_41xxx.o(.text)
    TIM1_TRG_COM_TIM11_IRQHandler            0x080008ef   Thumb Code     0  startup_stm32f40_41xxx.o(.text)
    TIM1_UP_TIM10_IRQHandler                 0x080008ef   Thumb Code     0  startup_stm32f40_41xxx.o(.text)
    TIM2_IRQHandler                          0x080008ef   Thumb Code     0  startup_stm32f40_41xxx.o(.text)
    TIM3_IRQHandler                          0x080008ef   Thumb Code     0  startup_stm32f40_41xxx.o(.text)
    TIM4_IRQHandler                          0x080008ef   Thumb Code     0  startup_stm32f40_41xxx.o(.text)
    TIM5_IRQHandler                          0x080008ef   Thumb Code     0  startup_stm32f40_41xxx.o(.text)
    TIM6_DAC_IRQHandler                      0x080008ef   Thumb Code     0  startup_stm32f40_41xxx.o(.text)
    TIM7_IRQHandler                          0x080008ef   Thumb Code     0  startup_stm32f40_41xxx.o(.text)
    TIM8_BRK_TIM12_IRQHandler                0x080008ef   Thumb Code     0  startup_stm32f40_41xxx.o(.text)
    TIM8_CC_IRQHandler                       0x080008ef   Thumb Code     0  startup_stm32f40_41xxx.o(.text)
    TIM8_TRG_COM_TIM14_IRQHandler            0x080008ef   Thumb Code     0  startup_stm32f40_41xxx.o(.text)
    TIM8_UP_TIM13_IRQHandler                 0x080008ef   Thumb Code     0  startup_stm32f40_41xxx.o(.text)
    UART4_IRQHandler                         0x080008ef   Thumb Code     0  startup_stm32f40_41xxx.o(.text)
    UART5_IRQHandler                         0x080008ef   Thumb Code     0  startup_stm32f40_41xxx.o(.text)
    USART2_IRQHandler                        0x080008ef   Thumb Code     0  startup_stm32f40_41xxx.o(.text)
    USART3_IRQHandler                        0x080008ef   Thumb Code     0  startup_stm32f40_41xxx.o(.text)
    USART6_IRQHandler                        0x080008ef   Thumb Code     0  startup_stm32f40_41xxx.o(.text)
    WWDG_IRQHandler                          0x080008ef   Thumb Code     0  startup_stm32f40_41xxx.o(.text)
    __user_initial_stackheap                 0x080008f1   Thumb Code     0  startup_stm32f40_41xxx.o(.text)
    NVIC_PriorityGroupConfig                 0x08000915   Thumb Code    10  misc.o(.text)
    NVIC_Init                                0x0800091f   Thumb Code   106  misc.o(.text)
    NVIC_SetVectorTable                      0x08000989   Thumb Code    14  misc.o(.text)
    NVIC_SystemLPConfig                      0x08000997   Thumb Code    34  misc.o(.text)
    SysTick_CLKSourceConfig                  0x080009b9   Thumb Code    40  misc.o(.text)
    GPIO_DeInit                              0x080009f5   Thumb Code   268  stm32f4xx_gpio.o(.text)
    GPIO_Init                                0x08000b01   Thumb Code   144  stm32f4xx_gpio.o(.text)
    GPIO_StructInit                          0x08000b91   Thumb Code    18  stm32f4xx_gpio.o(.text)
    GPIO_PinLockConfig                       0x08000ba3   Thumb Code    34  stm32f4xx_gpio.o(.text)
    GPIO_ReadInputDataBit                    0x08000bc5   Thumb Code    18  stm32f4xx_gpio.o(.text)
    GPIO_ReadInputData                       0x08000bd7   Thumb Code     8  stm32f4xx_gpio.o(.text)
    GPIO_ReadOutputDataBit                   0x08000bdf   Thumb Code    18  stm32f4xx_gpio.o(.text)
    GPIO_ReadOutputData                      0x08000bf1   Thumb Code     8  stm32f4xx_gpio.o(.text)
    GPIO_SetBits                             0x08000bf9   Thumb Code     4  stm32f4xx_gpio.o(.text)
    GPIO_ResetBits                           0x08000bfd   Thumb Code     4  stm32f4xx_gpio.o(.text)
    GPIO_WriteBit                            0x08000c01   Thumb Code    10  stm32f4xx_gpio.o(.text)
    GPIO_Write                               0x08000c0b   Thumb Code     4  stm32f4xx_gpio.o(.text)
    GPIO_ToggleBits                          0x08000c0f   Thumb Code     8  stm32f4xx_gpio.o(.text)
    GPIO_PinAFConfig                         0x08000c17   Thumb Code    70  stm32f4xx_gpio.o(.text)
    RCC_DeInit                               0x08000c89   Thumb Code    82  stm32f4xx_rcc.o(.text)
    RCC_HSEConfig                            0x08000cdb   Thumb Code    14  stm32f4xx_rcc.o(.text)
    RCC_GetFlagStatus                        0x08000ce9   Thumb Code    60  stm32f4xx_rcc.o(.text)
    RCC_WaitForHSEStartUp                    0x08000d25   Thumb Code    56  stm32f4xx_rcc.o(.text)
    RCC_AdjustHSICalibrationValue            0x08000d5d   Thumb Code    20  stm32f4xx_rcc.o(.text)
    RCC_HSICmd                               0x08000d71   Thumb Code     6  stm32f4xx_rcc.o(.text)
    RCC_LSEConfig                            0x08000d77   Thumb Code    46  stm32f4xx_rcc.o(.text)
    RCC_LSICmd                               0x08000da5   Thumb Code     6  stm32f4xx_rcc.o(.text)
    RCC_PLLConfig                            0x08000dab   Thumb Code    32  stm32f4xx_rcc.o(.text)
    RCC_PLLCmd                               0x08000dcb   Thumb Code     6  stm32f4xx_rcc.o(.text)
    RCC_PLLI2SConfig                         0x08000dd1   Thumb Code    14  stm32f4xx_rcc.o(.text)
    RCC_PLLI2SCmd                            0x08000ddf   Thumb Code     6  stm32f4xx_rcc.o(.text)
    RCC_PLLSAIConfig                         0x08000de5   Thumb Code    20  stm32f4xx_rcc.o(.text)
    RCC_PLLSAICmd                            0x08000df9   Thumb Code     6  stm32f4xx_rcc.o(.text)
    RCC_ClockSecuritySystemCmd               0x08000dff   Thumb Code     6  stm32f4xx_rcc.o(.text)
    RCC_MCO1Config                           0x08000e05   Thumb Code    28  stm32f4xx_rcc.o(.text)
    RCC_MCO2Config                           0x08000e21   Thumb Code    28  stm32f4xx_rcc.o(.text)
    RCC_SYSCLKConfig                         0x08000e3d   Thumb Code    20  stm32f4xx_rcc.o(.text)
    RCC_GetSYSCLKSource                      0x08000e51   Thumb Code    12  stm32f4xx_rcc.o(.text)
    RCC_HCLKConfig                           0x08000e5d   Thumb Code    20  stm32f4xx_rcc.o(.text)
    RCC_PCLK1Config                          0x08000e71   Thumb Code    20  stm32f4xx_rcc.o(.text)
    RCC_PCLK2Config                          0x08000e85   Thumb Code    22  stm32f4xx_rcc.o(.text)
    RCC_GetClocksFreq                        0x08000e9b   Thumb Code   222  stm32f4xx_rcc.o(.text)
    RCC_RTCCLKConfig                         0x08000f79   Thumb Code    54  stm32f4xx_rcc.o(.text)
    RCC_RTCCLKCmd                            0x08000faf   Thumb Code     8  stm32f4xx_rcc.o(.text)
    RCC_BackupResetCmd                       0x08000fb7   Thumb Code     8  stm32f4xx_rcc.o(.text)
    RCC_I2SCLKConfig                         0x08000fbf   Thumb Code     6  stm32f4xx_rcc.o(.text)
    RCC_SAIPLLI2SClkDivConfig                0x08000fc5   Thumb Code    26  stm32f4xx_rcc.o(.text)
    RCC_SAIPLLSAIClkDivConfig                0x08000fdf   Thumb Code    28  stm32f4xx_rcc.o(.text)
    RCC_SAIBlockACLKConfig                   0x08000ffb   Thumb Code    20  stm32f4xx_rcc.o(.text)
    RCC_SAIBlockBCLKConfig                   0x0800100f   Thumb Code    20  stm32f4xx_rcc.o(.text)
    RCC_LTDCCLKDivConfig                     0x08001023   Thumb Code    20  stm32f4xx_rcc.o(.text)
    RCC_TIMCLKPresConfig                     0x08001037   Thumb Code     6  stm32f4xx_rcc.o(.text)
    RCC_AHB1PeriphClockCmd                   0x0800103d   Thumb Code    34  stm32f4xx_rcc.o(.text)
    RCC_AHB2PeriphClockCmd                   0x0800105f   Thumb Code    78  stm32f4xx_rcc.o(.text)
    RCC_AHB3PeriphClockCmd                   0x080010ad   Thumb Code    34  stm32f4xx_rcc.o(.text)
    RCC_APB1PeriphClockCmd                   0x080010cf   Thumb Code    34  stm32f4xx_rcc.o(.text)
    RCC_APB2PeriphClockCmd                   0x080010f1   Thumb Code    34  stm32f4xx_rcc.o(.text)
    RCC_AHB1PeriphResetCmd                   0x08001113   Thumb Code    34  stm32f4xx_rcc.o(.text)
    RCC_AHB2PeriphResetCmd                   0x08001135   Thumb Code    34  stm32f4xx_rcc.o(.text)
    RCC_AHB3PeriphResetCmd                   0x08001157   Thumb Code    34  stm32f4xx_rcc.o(.text)
    RCC_APB1PeriphResetCmd                   0x08001179   Thumb Code    34  stm32f4xx_rcc.o(.text)
    RCC_APB2PeriphResetCmd                   0x0800119b   Thumb Code    34  stm32f4xx_rcc.o(.text)
    RCC_AHB1PeriphClockLPModeCmd             0x080011bd   Thumb Code    34  stm32f4xx_rcc.o(.text)
    RCC_AHB2PeriphClockLPModeCmd             0x080011df   Thumb Code    34  stm32f4xx_rcc.o(.text)
    RCC_AHB3PeriphClockLPModeCmd             0x08001201   Thumb Code    34  stm32f4xx_rcc.o(.text)
    RCC_APB1PeriphClockLPModeCmd             0x08001223   Thumb Code    34  stm32f4xx_rcc.o(.text)
    RCC_APB2PeriphClockLPModeCmd             0x08001245   Thumb Code    34  stm32f4xx_rcc.o(.text)
    RCC_LSEModeConfig                        0x08001267   Thumb Code    40  stm32f4xx_rcc.o(.text)
    RCC_ITConfig                             0x0800128f   Thumb Code    34  stm32f4xx_rcc.o(.text)
    RCC_ClearFlag                            0x080012b1   Thumb Code    18  stm32f4xx_rcc.o(.text)
    RCC_GetITStatus                          0x080012c3   Thumb Code    22  stm32f4xx_rcc.o(.text)
    RCC_ClearITPendingBit                    0x080012d9   Thumb Code     8  stm32f4xx_rcc.o(.text)
    USART_DeInit                             0x080012e5   Thumb Code   206  stm32f4xx_usart.o(.text)
    USART_Init                               0x080013b3   Thumb Code   204  stm32f4xx_usart.o(.text)
    USART_StructInit                         0x0800147f   Thumb Code    24  stm32f4xx_usart.o(.text)
    USART_ClockInit                          0x08001497   Thumb Code    32  stm32f4xx_usart.o(.text)
    USART_ClockStructInit                    0x080014b7   Thumb Code    12  stm32f4xx_usart.o(.text)
    USART_Cmd                                0x080014c3   Thumb Code    24  stm32f4xx_usart.o(.text)
    USART_SetPrescaler                       0x080014db   Thumb Code    16  stm32f4xx_usart.o(.text)
    USART_OverSampling8Cmd                   0x080014eb   Thumb Code    22  stm32f4xx_usart.o(.text)
    USART_OneBitMethodCmd                    0x08001501   Thumb Code    24  stm32f4xx_usart.o(.text)
    USART_SendData                           0x08001519   Thumb Code     8  stm32f4xx_usart.o(.text)
    USART_ReceiveData                        0x08001521   Thumb Code    10  stm32f4xx_usart.o(.text)
    USART_SetAddress                         0x0800152b   Thumb Code    18  stm32f4xx_usart.o(.text)
    USART_ReceiverWakeUpCmd                  0x0800153d   Thumb Code    24  stm32f4xx_usart.o(.text)
    USART_WakeUpConfig                       0x08001555   Thumb Code    18  stm32f4xx_usart.o(.text)
    USART_LINBreakDetectLengthConfig         0x08001567   Thumb Code    18  stm32f4xx_usart.o(.text)
    USART_LINCmd                             0x08001579   Thumb Code    24  stm32f4xx_usart.o(.text)
    USART_SendBreak                          0x08001591   Thumb Code    10  stm32f4xx_usart.o(.text)
    USART_HalfDuplexCmd                      0x0800159b   Thumb Code    24  stm32f4xx_usart.o(.text)
    USART_SetGuardTime                       0x080015b3   Thumb Code    16  stm32f4xx_usart.o(.text)
    USART_SmartCardCmd                       0x080015c3   Thumb Code    24  stm32f4xx_usart.o(.text)
    USART_SmartCardNACKCmd                   0x080015db   Thumb Code    24  stm32f4xx_usart.o(.text)
    USART_IrDAConfig                         0x080015f3   Thumb Code    18  stm32f4xx_usart.o(.text)
    USART_IrDACmd                            0x08001605   Thumb Code    24  stm32f4xx_usart.o(.text)
    USART_DMACmd                             0x0800161d   Thumb Code    18  stm32f4xx_usart.o(.text)
    USART_ITConfig                           0x0800162f   Thumb Code    74  stm32f4xx_usart.o(.text)
    USART_GetFlagStatus                      0x08001679   Thumb Code    26  stm32f4xx_usart.o(.text)
    USART_ClearFlag                          0x08001693   Thumb Code    18  stm32f4xx_usart.o(.text)
    USART_GetITStatus                        0x080016a5   Thumb Code   118  stm32f4xx_usart.o(.text)
    USART_ClearITPendingBit                  0x0800171b   Thumb Code    30  stm32f4xx_usart.o(.text)
    vListInitialise                          0x08001739   Thumb Code    26  list.o(.text)
    vListInitialiseItem                      0x08001753   Thumb Code     6  list.o(.text)
    vListInsertEnd                           0x08001759   Thumb Code    24  list.o(.text)
    vListInsert                              0x08001771   Thumb Code    52  list.o(.text)
    uxListRemove                             0x080017a5   Thumb Code    40  list.o(.text)
    xQueueGenericReset                       0x080017cd   Thumb Code   146  queue.o(.text)
    xQueueGenericCreate                      0x08001889   Thumb Code   162  queue.o(.text)
    xQueueGenericSend                        0x08001a45   Thumb Code   420  queue.o(.text)
    xQueueCreateMutex                        0x08001c07   Thumb Code    38  queue.o(.text)
    xQueueGiveMutexRecursive                 0x08001c2d   Thumb Code    72  queue.o(.text)
    xQueueSemaphoreTake                      0x08001ca3   Thumb Code   434  queue.o(.text)
    xQueueTakeMutexRecursive                 0x08001e55   Thumb Code    78  queue.o(.text)
    xQueueCreateCountingSemaphore            0x08001ea3   Thumb Code    92  queue.o(.text)
    xQueueGenericSendFromISR                 0x08001eff   Thumb Code   288  queue.o(.text)
    xQueueGiveFromISR                        0x0800201f   Thumb Code   266  queue.o(.text)
    xQueueReceive                            0x08002153   Thumb Code   356  queue.o(.text)
    xQueuePeek                               0x080022b7   Thumb Code   362  queue.o(.text)
    xQueueReceiveFromISR                     0x08002421   Thumb Code   238  queue.o(.text)
    xQueuePeekFromISR                        0x0800250f   Thumb Code   176  queue.o(.text)
    uxQueueMessagesWaiting                   0x080025bf   Thumb Code    48  queue.o(.text)
    uxQueueSpacesAvailable                   0x080025ef   Thumb Code    48  queue.o(.text)
    uxQueueMessagesWaitingFromISR            0x0800261f   Thumb Code    34  queue.o(.text)
    vQueueUnregisterQueue                    0x08002641   Thumb Code    44  queue.o(.text)
    vQueueDelete                             0x0800266d   Thumb Code    44  queue.o(.text)
    uxQueueGetQueueNumber                    0x08002699   Thumb Code     6  queue.o(.text)
    vQueueSetQueueNumber                     0x0800269f   Thumb Code     4  queue.o(.text)
    ucQueueGetQueueType                      0x080026a3   Thumb Code     8  queue.o(.text)
    xQueueIsQueueEmptyFromISR                0x080026ab   Thumb Code    42  queue.o(.text)
    xQueueIsQueueFullFromISR                 0x080026d5   Thumb Code    46  queue.o(.text)
    vQueueAddToRegistry                      0x08002703   Thumb Code    38  queue.o(.text)
    pcQueueGetName                           0x08002729   Thumb Code    38  queue.o(.text)
    vQueueWaitForMessageRestricted           0x0800274f   Thumb Code    74  queue.o(.text)
    xTaskCreate                              0x0800293d   Thumb Code    96  tasks.o(.text)
    vTaskDelete                              0x080029d7   Thumb Code   202  tasks.o(.text)
    xTaskIncrementTick                       0x08002aa1   Thumb Code   358  tasks.o(.text)
    xTaskResumeAll                           0x08002c07   Thumb Code   224  tasks.o(.text)
    vTaskSuspendAll                          0x08002d63   Thumb Code    12  tasks.o(.text)
    xTaskDelayUntil                          0x08002d6f   Thumb Code   202  tasks.o(.text)
    vTaskDelay                               0x08002e39   Thumb Code    82  tasks.o(.text)
    eTaskGetState                            0x08002e8b   Thumb Code   142  tasks.o(.text)
    uxTaskPriorityGet                        0x08002f19   Thumb Code    30  tasks.o(.text)
    uxTaskPriorityGetFromISR                 0x08002f37   Thumb Code    62  tasks.o(.text)
    vTaskPrioritySet                         0x08002f75   Thumb Code   320  tasks.o(.text)
    vTaskSwitchContext                       0x080030b5   Thumb Code   118  tasks.o(.text)
    vTaskSuspend                             0x0800312b   Thumb Code   224  tasks.o(.text)
    vTaskResume                              0x0800325b   Thumb Code   128  tasks.o(.text)
    xTaskResumeFromISR                       0x080032db   Thumb Code   164  tasks.o(.text)
    vTaskStartScheduler                      0x080033db   Thumb Code   188  tasks.o(.text)
    vTaskEndScheduler                        0x08003497   Thumb Code    32  tasks.o(.text)
    xTaskGetTickCount                        0x080034b7   Thumb Code     6  tasks.o(.text)
    xTaskGetTickCountFromISR                 0x080034bd   Thumb Code    16  tasks.o(.text)
    uxTaskGetNumberOfTasks                   0x080034cd   Thumb Code     6  tasks.o(.text)
    pcTaskGetName                            0x080034d3   Thumb Code    44  tasks.o(.text)
    vTaskGetInfo                             0x08003515   Thumb Code   126  tasks.o(.text)
    uxTaskGetSystemState                     0x080035fd   Thumb Code   152  tasks.o(.text)
    xTaskCatchUpTicks                        0x08003695   Thumb Code    64  tasks.o(.text)
    vTaskPlaceOnEventList                    0x080036d5   Thumb Code    52  tasks.o(.text)
    vTaskPlaceOnUnorderedEventList           0x08003709   Thumb Code   100  tasks.o(.text)
    vTaskPlaceOnEventListRestricted          0x0800376d   Thumb Code    60  tasks.o(.text)
    xTaskRemoveFromEventList                 0x080037a9   Thumb Code   128  tasks.o(.text)
    vTaskRemoveFromUnorderedEventList        0x08003829   Thumb Code   206  tasks.o(.text)
    vTaskSetTimeOutState                     0x080038f7   Thumb Code    50  tasks.o(.text)
    vTaskInternalSetTimeOutState             0x08003929   Thumb Code    14  tasks.o(.text)
    xTaskCheckForTimeOut                     0x08003937   Thumb Code   136  tasks.o(.text)
    vTaskMissedYield                         0x080039bf   Thumb Code     8  tasks.o(.text)
    uxTaskGetTaskNumber                      0x080039c7   Thumb Code    14  tasks.o(.text)
    vTaskSetTaskNumber                       0x080039d5   Thumb Code     8  tasks.o(.text)
    xTaskGetCurrentTaskHandle                0x080039dd   Thumb Code     6  tasks.o(.text)
    xTaskGetSchedulerState                   0x080039e3   Thumb Code    24  tasks.o(.text)
    xTaskPriorityInherit                     0x080039fb   Thumb Code   172  tasks.o(.text)
    xTaskPriorityDisinherit                  0x08003aa7   Thumb Code   174  tasks.o(.text)
    vTaskPriorityDisinheritAfterTimeout      0x08003b55   Thumb Code   216  tasks.o(.text)
    uxTaskResetEventItemValue                0x08003c2d   Thumb Code    24  tasks.o(.text)
    pvTaskIncrementMutexHeldCount            0x08003c45   Thumb Code    26  tasks.o(.text)
    ulTaskGenericNotifyTake                  0x08003c5f   Thumb Code   198  tasks.o(.text)
    xTaskGenericNotifyWait                   0x08003d25   Thumb Code   196  tasks.o(.text)
    xTaskGenericNotify                       0x08003de9   Thumb Code   362  tasks.o(.text)
    xTaskGenericNotifyFromISR                0x08003f53   Thumb Code   446  tasks.o(.text)
    vTaskGenericNotifyGiveFromISR            0x08004111   Thumb Code   266  tasks.o(.text)
    xTaskGenericNotifyStateClear             0x0800421b   Thumb Code    90  tasks.o(.text)
    ulTaskGenericNotifyValueClear            0x08004275   Thumb Code    58  tasks.o(.text)
    xTimerGenericCommand                     0x08004319   Thumb Code   126  timers.o(.text)
    xTimerCreateTimerTask                    0x0800470d   Thumb Code    66  timers.o(.text)
    xTimerCreate                             0x080047a9   Thumb Code    54  timers.o(.text)
    xTimerGetTimerDaemonTaskHandle           0x080047df   Thumb Code    42  timers.o(.text)
    xTimerGetPeriod                          0x08004809   Thumb Code    32  timers.o(.text)
    vTimerSetReloadMode                      0x08004829   Thumb Code    70  timers.o(.text)
    uxTimerGetReloadMode                     0x0800486f   Thumb Code    58  timers.o(.text)
    xTimerGetExpiryTime                      0x080048a9   Thumb Code    34  timers.o(.text)
    pcTimerGetName                           0x080048cb   Thumb Code    32  timers.o(.text)
    xTimerIsTimerActive                      0x080048eb   Thumb Code    58  timers.o(.text)
    pvTimerGetTimerID                        0x08004925   Thumb Code    44  timers.o(.text)
    vTimerSetTimerID                         0x08004951   Thumb Code    44  timers.o(.text)
    uxTimerGetTimerNumber                    0x0800497d   Thumb Code     6  timers.o(.text)
    vTimerSetTimerNumber                     0x08004983   Thumb Code     4  timers.o(.text)
    pxPortInitialiseStack                    0x080049d9   Thumb Code    38  port.o(.text)
    vPortSetupTimerInterrupt                 0x080049ff   Thumb Code    36  port.o(.text)
    xPortStartScheduler                      0x08004a23   Thumb Code   330  port.o(.text)
    vPortEndScheduler                        0x08004b6d   Thumb Code    42  port.o(.text)
    vPortEnterCritical                       0x08004b97   Thumb Code    78  port.o(.text)
    vPortExitCritical                        0x08004be5   Thumb Code    56  port.o(.text)
    SysTick_Handler                          0x08004c1d   Thumb Code    48  port.o(.text)
    vPortValidateInterruptPriority           0x08004c4d   Thumb Code   108  port.o(.text)
    pvPortMalloc                             0x08004d9f   Thumb Code   338  heap_4.o(.text)
    vPortFree                                0x08004ef1   Thumb Code   150  heap_4.o(.text)
    xPortGetFreeHeapSize                     0x08004f87   Thumb Code     6  heap_4.o(.text)
    xPortGetMinimumEverFreeHeapSize          0x08004f8d   Thumb Code     6  heap_4.o(.text)
    vPortInitialiseBlocks                    0x08004f93   Thumb Code     2  heap_4.o(.text)
    vPortGetHeapStats                        0x08004f95   Thumb Code   104  heap_4.o(.text)
    __use_no_semihosting                     0x0800501d   Thumb Code     2  use_no_semi_2.o(.text)
    __aeabi_memcpy                           0x0800501f   Thumb Code     0  rt_memcpy_v6.o(.text)
    __rt_memcpy                              0x0800501f   Thumb Code   138  rt_memcpy_v6.o(.text)
    _memcpy_lastbytes                        0x08005085   Thumb Code     0  rt_memcpy_v6.o(.text)
    __aeabi_memset                           0x080050a9   Thumb Code    16  aeabi_memset.o(.text)
    __use_two_region_memory                  0x080050b9   Thumb Code     2  heapauxi.o(.text)
    __rt_heap_escrow$2region                 0x080050bb   Thumb Code     2  heapauxi.o(.text)
    __rt_heap_expand$2region                 0x080050bd   Thumb Code     2  heapauxi.o(.text)
    __I$use$semihosting                      0x080050bf   Thumb Code     0  use_no_semi.o(.text)
    __use_no_semihosting_swi                 0x080050bf   Thumb Code     2  use_no_semi.o(.text)
    __aeabi_memcpy4                          0x080050c1   Thumb Code     0  rt_memcpy_w.o(.text)
    __aeabi_memcpy8                          0x080050c1   Thumb Code     0  rt_memcpy_w.o(.text)
    __rt_memcpy_w                            0x080050c1   Thumb Code   100  rt_memcpy_w.o(.text)
    _memcpy_lastbytes_aligned                0x08005109   Thumb Code     0  rt_memcpy_w.o(.text)
    __aeabi_memclr                           0x08005125   Thumb Code     0  rt_memclr.o(.text)
    __rt_memclr                              0x08005125   Thumb Code    68  rt_memclr.o(.text)
    _memset                                  0x08005129   Thumb Code     0  rt_memclr.o(.text)
    __aeabi_memclr4                          0x08005169   Thumb Code     0  rt_memclr_w.o(.text)
    __aeabi_memclr8                          0x08005169   Thumb Code     0  rt_memclr_w.o(.text)
    __rt_memclr_w                            0x08005169   Thumb Code    78  rt_memclr_w.o(.text)
    _memset_w                                0x0800516d   Thumb Code     0  rt_memclr_w.o(.text)
    __user_setup_stackheap                   0x080051b7   Thumb Code    74  sys_stackheap_outer.o(.text)
    exit                                     0x08005201   Thumb Code    18  exit.o(.text)
    __user_libspace                          0x08005215   Thumb Code     8  libspace.o(.text)
    __user_perproc_libspace                  0x08005215   Thumb Code     0  libspace.o(.text)
    __user_perthread_libspace                0x08005215   Thumb Code     0  libspace.o(.text)
    _fp_init                                 0x0800521d   Thumb Code    10  fpinit.o(x$fpl$fpinit)
    __fplib_config_fpu_vfp                   0x08005225   Thumb Code     0  fpinit.o(x$fpl$fpinit)
    __fplib_config_pureend_doubles           0x08005225   Thumb Code     0  fpinit.o(x$fpl$fpinit)
    Region$$Table$$Base                      0x08005228   Number         0  anon$$obj.o(Region$$Table)
    Region$$Table$$Limit                     0x08005248   Number         0  anon$$obj.o(Region$$Table)
    SystemCoreClock                          0x20000010   Data           4  system_stm32f4xx.o(.data)
    AHBPrescTable                            0x20000014   Data          16  system_stm32f4xx.o(.data)
    __stdout                                 0x20000028   Data           4  usart.o(.data)
    USART_RX_STA                             0x2000002c   Data           2  usart.o(.data)
    pxCurrentTCB                             0x20000040   Data           4  tasks.o(.data)
    uxTopUsedPriority                        0x20000078   Data           4  tasks.o(.data)
    USART_RX_BUF                             0x200000c0   Data         200  usart.o(.bss)
    xQueueRegistry                           0x20000188   Data          64  queue.o(.bss)
    __libspace_start                         0x20012eb8   Data          96  libspace.o(.bss)
    __temporary_stack_top$libspace           0x20012f18   Data           0  libspace.o(.bss)



==============================================================================

Memory Map of the image

  Image Entry point : 0x08000189

  Load Region LR_IROM1 (Base: 0x08000000, Size: 0x00005308, Max: 0x00080000, ABSOLUTE)

    Execution Region ER_IROM1 (Exec base: 0x08000000, Load base: 0x08000000, Size: 0x00005248, Max: 0x00080000, ABSOLUTE)

    Exec Addr    Load Addr    Size         Type   Attr      Idx    E Section Name        Object

    0x08000000   0x08000000   0x00000188   Data   RO          367    RESET               startup_stm32f40_41xxx.o
    0x08000188   0x08000188   0x00000008   Code   RO          675  * !!!main             c_w.l(__main.o)
    0x08000190   0x08000190   0x00000034   Code   RO          836    !!!scatter          c_w.l(__scatter.o)
    0x080001c4   0x080001c4   0x0000001a   Code   RO          838    !!handler_copy      c_w.l(__scatter_copy.o)
    0x080001de   0x080001de   0x00000002   PAD
    0x080001e0   0x080001e0   0x0000001c   Code   RO          840    !!handler_zi        c_w.l(__scatter_zi.o)
    0x080001fc   0x080001fc   0x00000002   Code   RO          710    .ARM.Collect$$libinit$$00000000  c_w.l(libinit.o)
    0x080001fe   0x080001fe   0x00000004   Code   RO          716    .ARM.Collect$$libinit$$00000001  c_w.l(libinit2.o)
    0x08000202   0x08000202   0x00000000   Code   RO          719    .ARM.Collect$$libinit$$00000004  c_w.l(libinit2.o)
    0x08000202   0x08000202   0x00000000   Code   RO          722    .ARM.Collect$$libinit$$0000000A  c_w.l(libinit2.o)
    0x08000202   0x08000202   0x00000000   Code   RO          724    .ARM.Collect$$libinit$$0000000C  c_w.l(libinit2.o)
    0x08000202   0x08000202   0x00000000   Code   RO          726    .ARM.Collect$$libinit$$0000000E  c_w.l(libinit2.o)
    0x08000202   0x08000202   0x00000000   Code   RO          729    .ARM.Collect$$libinit$$00000011  c_w.l(libinit2.o)
    0x08000202   0x08000202   0x00000000   Code   RO          731    .ARM.Collect$$libinit$$00000013  c_w.l(libinit2.o)
    0x08000202   0x08000202   0x00000000   Code   RO          733    .ARM.Collect$$libinit$$00000015  c_w.l(libinit2.o)
    0x08000202   0x08000202   0x00000000   Code   RO          735    .ARM.Collect$$libinit$$00000017  c_w.l(libinit2.o)
    0x08000202   0x08000202   0x00000000   Code   RO          737    .ARM.Collect$$libinit$$00000019  c_w.l(libinit2.o)
    0x08000202   0x08000202   0x00000000   Code   RO          739    .ARM.Collect$$libinit$$0000001B  c_w.l(libinit2.o)
    0x08000202   0x08000202   0x00000000   Code   RO          741    .ARM.Collect$$libinit$$0000001D  c_w.l(libinit2.o)
    0x08000202   0x08000202   0x00000000   Code   RO          743    .ARM.Collect$$libinit$$0000001F  c_w.l(libinit2.o)
    0x08000202   0x08000202   0x00000000   Code   RO          745    .ARM.Collect$$libinit$$00000021  c_w.l(libinit2.o)
    0x08000202   0x08000202   0x00000000   Code   RO          747    .ARM.Collect$$libinit$$00000023  c_w.l(libinit2.o)
    0x08000202   0x08000202   0x00000000   Code   RO          749    .ARM.Collect$$libinit$$00000025  c_w.l(libinit2.o)
    0x08000202   0x08000202   0x00000000   Code   RO          753    .ARM.Collect$$libinit$$0000002C  c_w.l(libinit2.o)
    0x08000202   0x08000202   0x00000000   Code   RO          755    .ARM.Collect$$libinit$$0000002E  c_w.l(libinit2.o)
    0x08000202   0x08000202   0x00000000   Code   RO          757    .ARM.Collect$$libinit$$00000030  c_w.l(libinit2.o)
    0x08000202   0x08000202   0x00000000   Code   RO          759    .ARM.Collect$$libinit$$00000032  c_w.l(libinit2.o)
    0x08000202   0x08000202   0x00000002   Code   RO          760    .ARM.Collect$$libinit$$00000033  c_w.l(libinit2.o)
    0x08000204   0x08000204   0x00000002   Code   RO          778    .ARM.Collect$$libshutdown$$00000000  c_w.l(libshutdown.o)
    0x08000206   0x08000206   0x00000000   Code   RO          788    .ARM.Collect$$libshutdown$$00000002  c_w.l(libshutdown2.o)
    0x08000206   0x08000206   0x00000000   Code   RO          790    .ARM.Collect$$libshutdown$$00000004  c_w.l(libshutdown2.o)
    0x08000206   0x08000206   0x00000000   Code   RO          793    .ARM.Collect$$libshutdown$$00000007  c_w.l(libshutdown2.o)
    0x08000206   0x08000206   0x00000000   Code   RO          796    .ARM.Collect$$libshutdown$$0000000A  c_w.l(libshutdown2.o)
    0x08000206   0x08000206   0x00000000   Code   RO          798    .ARM.Collect$$libshutdown$$0000000C  c_w.l(libshutdown2.o)
    0x08000206   0x08000206   0x00000000   Code   RO          801    .ARM.Collect$$libshutdown$$0000000F  c_w.l(libshutdown2.o)
    0x08000206   0x08000206   0x00000002   Code   RO          802    .ARM.Collect$$libshutdown$$00000010  c_w.l(libshutdown2.o)
    0x08000208   0x08000208   0x00000000   Code   RO          679    .ARM.Collect$$rtentry$$00000000  c_w.l(__rtentry.o)
    0x08000208   0x08000208   0x00000000   Code   RO          685    .ARM.Collect$$rtentry$$00000002  c_w.l(__rtentry2.o)
    0x08000208   0x08000208   0x00000006   Code   RO          697    .ARM.Collect$$rtentry$$00000004  c_w.l(__rtentry4.o)
    0x0800020e   0x0800020e   0x00000000   Code   RO          687    .ARM.Collect$$rtentry$$00000009  c_w.l(__rtentry2.o)
    0x0800020e   0x0800020e   0x00000004   Code   RO          688    .ARM.Collect$$rtentry$$0000000A  c_w.l(__rtentry2.o)
    0x08000212   0x08000212   0x00000000   Code   RO          690    .ARM.Collect$$rtentry$$0000000C  c_w.l(__rtentry2.o)
    0x08000212   0x08000212   0x00000008   Code   RO          691    .ARM.Collect$$rtentry$$0000000D  c_w.l(__rtentry2.o)
    0x0800021a   0x0800021a   0x00000002   Code   RO          714    .ARM.Collect$$rtexit$$00000000  c_w.l(rtexit.o)
    0x0800021c   0x0800021c   0x00000000   Code   RO          762    .ARM.Collect$$rtexit$$00000002  c_w.l(rtexit2.o)
    0x0800021c   0x0800021c   0x00000004   Code   RO          763    .ARM.Collect$$rtexit$$00000003  c_w.l(rtexit2.o)
    0x08000220   0x08000220   0x00000006   Code   RO          764    .ARM.Collect$$rtexit$$00000004  c_w.l(rtexit2.o)
    0x08000226   0x08000226   0x00000002   PAD
    0x08000228   0x08000228   0x000000be   Code   RO          620    .emb_text           port.o
    0x080002e6   0x080002e6   0x00000002   PAD
    0x080002e8   0x080002e8   0x00000108   Code   RO            3    .text               main.o
    0x080003f0   0x080003f0   0x00000014   Code   RO          198    .text               stm32f4xx_it.o
    0x08000404   0x08000404   0x00000210   Code   RO          250    .text               system_stm32f4xx.o
    0x08000614   0x08000614   0x0000006c   Code   RO          276    .text               led.o
    0x08000680   0x08000680   0x00000104   Code   RO          296    .text               delay.o
    0x08000784   0x08000784   0x00000150   Code   RO          336    .text               usart.o
    0x080008d4   0x080008d4   0x00000040   Code   RO          368    .text               startup_stm32f40_41xxx.o
    0x08000914   0x08000914   0x000000e0   Code   RO          374    .text               misc.o
    0x080009f4   0x080009f4   0x00000294   Code   RO          394    .text               stm32f4xx_gpio.o
    0x08000c88   0x08000c88   0x0000065c   Code   RO          414    .text               stm32f4xx_rcc.o
    0x080012e4   0x080012e4   0x00000454   Code   RO          456    .text               stm32f4xx_usart.o
    0x08001738   0x08001738   0x00000094   Code   RO          532    .text               list.o
    0x080017cc   0x080017cc   0x00000fd0   Code   RO          547    .text               queue.o
    0x0800279c   0x0800279c   0x00001b2c   Code   RO          568    .text               tasks.o
    0x080042c8   0x080042c8   0x000006d4   Code   RO          590    .text               timers.o
    0x0800499c   0x0800499c   0x00000340   Code   RO          621    .text               port.o
    0x08004cdc   0x08004cdc   0x00000340   Code   RO          650    .text               heap_4.o
    0x0800501c   0x0800501c   0x00000002   Code   RO          667    .text               c_w.l(use_no_semi_2.o)
    0x0800501e   0x0800501e   0x0000008a   Code   RO          669    .text               c_w.l(rt_memcpy_v6.o)
    0x080050a8   0x080050a8   0x00000010   Code   RO          671    .text               c_w.l(aeabi_memset.o)
    0x080050b8   0x080050b8   0x00000006   Code   RO          673    .text               c_w.l(heapauxi.o)
    0x080050be   0x080050be   0x00000002   Code   RO          677    .text               c_w.l(use_no_semi.o)
    0x080050c0   0x080050c0   0x00000064   Code   RO          680    .text               c_w.l(rt_memcpy_w.o)
    0x08005124   0x08005124   0x00000044   Code   RO          682    .text               c_w.l(rt_memclr.o)
    0x08005168   0x08005168   0x0000004e   Code   RO          699    .text               c_w.l(rt_memclr_w.o)
    0x080051b6   0x080051b6   0x0000004a   Code   RO          701    .text               c_w.l(sys_stackheap_outer.o)
    0x08005200   0x08005200   0x00000012   Code   RO          703    .text               c_w.l(exit.o)
    0x08005212   0x08005212   0x00000002   PAD
    0x08005214   0x08005214   0x00000008   Code   RO          711    .text               c_w.l(libspace.o)
    0x0800521c   0x0800521c   0x0000000a   Code   RO          770    x$fpl$fpinit        fz_wm.l(fpinit.o)
    0x08005226   0x08005226   0x00000002   PAD
    0x08005228   0x08005228   0x00000020   Data   RO          834    Region$$Table       anon$$obj.o


    Execution Region RW_IRAM1 (Exec base: 0x20000000, Load base: 0x08005248, Size: 0x00013518, Max: 0x00020000, ABSOLUTE)

    Exec Addr    Load Addr    Size         Type   Attr      Idx    E Section Name        Object

    0x20000000   0x08005248   0x00000010   Data   RW            4    .data               main.o
    0x20000010   0x08005258   0x00000014   Data   RW          251    .data               system_stm32f4xx.o
    0x20000024   0x0800526c   0x00000004   Data   RW          297    .data               delay.o
    0x20000028   0x08005270   0x00000006   Data   RW          338    .data               usart.o
    0x2000002e   0x08005276   0x00000010   Data   RW          415    .data               stm32f4xx_rcc.o
    0x2000003e   0x08005286   0x00000002   PAD
    0x20000040   0x08005288   0x00000040   Data   RW          570    .data               tasks.o
    0x20000080   0x080052c8   0x00000014   Data   RW          592    .data               timers.o
    0x20000094   0x080052dc   0x0000000c   Data   RW          622    .data               port.o
    0x200000a0   0x080052e8   0x00000020   Data   RW          652    .data               heap_4.o
    0x200000c0        -       0x000000c8   Zero   RW          337    .bss                usart.o
    0x20000188        -       0x00000040   Zero   RW          548    .bss                queue.o
    0x200001c8        -       0x000000c8   Zero   RW          569    .bss                tasks.o
    0x20000290        -       0x00000028   Zero   RW          591    .bss                timers.o
    0x200002b8        -       0x00012c00   Zero   RW          651    .bss                heap_4.o
    0x20012eb8        -       0x00000060   Zero   RW          712    .bss                c_w.l(libspace.o)
    0x20012f18        -       0x00000200   Zero   RW          366    HEAP                startup_stm32f40_41xxx.o
    0x20013118        -       0x00000400   Zero   RW          365    STACK               startup_stm32f40_41xxx.o


==============================================================================

Image component sizes


      Code (inc. data)   RO Data    RW Data    ZI Data      Debug   Object Name

       260          8          0          4          0       1429   delay.o
         0          0          0          0          0      13472   event_groups.o
       832         32          0         32      76800       4138   heap_4.o
       108          4          0          0          0        685   led.o
       148          0          0          0          0       1974   list.o
       264         80          0         16          0     280011   main.o
       224         20          0          0          0       1765   misc.o
      1022         52          0         12          0       8743   port.o
      4048         20          0          0         64      21448   queue.o
        64         26        392          0       1536        808   startup_stm32f40_41xxx.o
       660         44          0          0          0       4105   stm32f4xx_gpio.o
        20          0          0          0          0        919   stm32f4xx_it.o
      1628         52          0         16          0      12956   stm32f4xx_rcc.o
      1108         34          0          0          0       7832   stm32f4xx_usart.o
       528         46          0         20          0       1703   system_stm32f4xx.o
      6956        370          0         64        200      34769   tasks.o
      1748         70          0         20         40      23623   timers.o
       336         16          0          6        200       3230   usart.o

    ----------------------------------------------------------------------
     19956        874        424        192      78840     423610   Object Totals
         0          0         32          0          0          0   (incl. Generated)
         2          0          0          2          0          0   (incl. Padding)

    ----------------------------------------------------------------------

      Code (inc. data)   RO Data    RW Data    ZI Data      Debug   Library Member Name

         8          0          0          0          0         68   __main.o
         0          0          0          0          0          0   __rtentry.o
        12          0          0          0          0          0   __rtentry2.o
         6          0          0          0          0          0   __rtentry4.o
        52          8          0          0          0          0   __scatter.o
        26          0          0          0          0          0   __scatter_copy.o
        28          0          0          0          0          0   __scatter_zi.o
        16          0          0          0          0         68   aeabi_memset.o
        18          0          0          0          0         80   exit.o
         6          0          0          0          0        152   heapauxi.o
         2          0          0          0          0          0   libinit.o
         6          0          0          0          0          0   libinit2.o
         2          0          0          0          0          0   libshutdown.o
         2          0          0          0          0          0   libshutdown2.o
         8          4          0          0         96         68   libspace.o
        68          0          0          0          0         68   rt_memclr.o
        78          0          0          0          0         80   rt_memclr_w.o
       138          0          0          0          0         68   rt_memcpy_v6.o
       100          0          0          0          0         80   rt_memcpy_w.o
         2          0          0          0          0          0   rtexit.o
        10          0          0          0          0          0   rtexit2.o
        74          0          0          0          0         80   sys_stackheap_outer.o
         2          0          0          0          0         68   use_no_semi.o
         2          0          0          0          0         68   use_no_semi_2.o
        10          0          0          0          0        116   fpinit.o

    ----------------------------------------------------------------------
       684         12          0          0         96       1064   Library Totals
         8          0          0          0          0          0   (incl. Padding)

    ----------------------------------------------------------------------

      Code (inc. data)   RO Data    RW Data    ZI Data      Debug   Library Name

       666         12          0          0         96        948   c_w.l
        10          0          0          0          0        116   fz_wm.l

    ----------------------------------------------------------------------
       684         12          0          0         96       1064   Library Totals

    ----------------------------------------------------------------------

==============================================================================


      Code (inc. data)   RO Data    RW Data    ZI Data      Debug   

     20640        886        424        192      78936     420358   Grand Totals
     20640        886        424        192      78936     420358   ELF Image Totals
     20640        886        424        192          0          0   ROM Totals

==============================================================================

    Total RO  Size (Code + RO Data)                21064 (  20.57kB)
    Total RW  Size (RW Data + ZI Data)             79128 (  77.27kB)
    Total ROM Size (Code + RO Data + RW Data)      21256 (  20.76kB)

==============================================================================

